Archive member included to satisfy reference by file (symbol)

D:/devkitPro/libgba/lib\libmm.a(mm_mas.o)
                              MaxModExample.o (mmStart)
D:/devkitPro/libgba/lib\libmm.a(mm_main.o)
                              D:/devkitPro/libgba/lib\libmm.a(mm_mas.o) (mmCallback)
D:/devkitPro/libgba/lib\libmm.a(mm_effect.o)
                              D:/devkitPro/libgba/lib\libmm.a(mm_main.o) (mmResetEffects)
D:/devkitPro/libgba/lib\libmm.a(mm_mas_arm.o)
                              D:/devkitPro/libgba/lib\libmm.a(mm_mas.o) (mmAllocChannel)
D:/devkitPro/libgba/lib\libmm.a(mm_mixer_gba.o)
                              MaxModExample.o (mmVBlank)
D:/devkitPro/libgba/lib\libmm.a(mm_init_default.o)
                              MaxModExample.o (mmInitDefault)
D:/devkitPro/libgba/lib\libgba.a(interrupt.o)
                              MaxModExample.o (irqInit)
D:/devkitPro/libgba/lib\libgba.a(console.o)
                              MaxModExample.o (consoleDemoInit)
D:/devkitPro/libgba/lib\libgba.a(input.o)
                              MaxModExample.o (scanKeys)
D:/devkitPro/libgba/lib\libgba.a(InterruptDispatcher.o)
                              D:/devkitPro/libgba/lib\libgba.a(interrupt.o) (IntrMain)
D:/devkitPro/libgba/lib\libgba.a(amiga.fnt.o)
                              D:/devkitPro/libgba/lib\libgba.a(console.o) (amiga_fnt_size)
D:/devkitPro/libgba/lib\libgba.a(CpuSet.o)
                              D:/devkitPro/libgba/lib\libgba.a(console.o) (CpuFastSet)
d:/devkitpro/devkitarm/bin/../lib/gcc/arm-none-eabi/10.2.0/thumb\libgcc.a(_call_via_rX.o)
                              D:/devkitPro/libgba/lib\libmm.a(mm_main.o) (_call_via_r1)
d:/devkitpro/devkitarm/bin/../lib/gcc/arm-none-eabi/10.2.0/../../../../arm-none-eabi/lib/thumb\libg.a(lib_a-init.o)
                              d:/devkitpro/devkitarm/bin/../lib/gcc/arm-none-eabi/10.2.0/../../../../arm-none-eabi/lib/thumb/gba_crt0.o (__libc_init_array)
d:/devkitpro/devkitarm/bin/../lib/gcc/arm-none-eabi/10.2.0/../../../../arm-none-eabi/lib/thumb\libg.a(lib_a-malloc.o)
                              D:/devkitPro/libgba/lib\libmm.a(mm_init_default.o) (malloc)
d:/devkitpro/devkitarm/bin/../lib/gcc/arm-none-eabi/10.2.0/../../../../arm-none-eabi/lib/thumb\libg.a(lib_a-mallocr.o)
                              d:/devkitpro/devkitarm/bin/../lib/gcc/arm-none-eabi/10.2.0/../../../../arm-none-eabi/lib/thumb\libg.a(lib_a-malloc.o) (_malloc_r)
d:/devkitpro/devkitarm/bin/../lib/gcc/arm-none-eabi/10.2.0/../../../../arm-none-eabi/lib/thumb\libg.a(lib_a-mlock.o)
                              d:/devkitpro/devkitarm/bin/../lib/gcc/arm-none-eabi/10.2.0/../../../../arm-none-eabi/lib/thumb\libg.a(lib_a-mallocr.o) (__malloc_lock)
d:/devkitpro/devkitarm/bin/../lib/gcc/arm-none-eabi/10.2.0/../../../../arm-none-eabi/lib/thumb\libg.a(lib_a-setvbuf.o)
                              D:/devkitPro/libgba/lib\libgba.a(console.o) (setvbuf)
d:/devkitpro/devkitarm/bin/../lib/gcc/arm-none-eabi/10.2.0/../../../../arm-none-eabi/lib/thumb\libg.a(lib_a-siscanf.o)
                              D:/devkitPro/libgba/lib\libgba.a(console.o) (siscanf)
d:/devkitpro/devkitarm/bin/../lib/gcc/arm-none-eabi/10.2.0/../../../../arm-none-eabi/lib/thumb\libg.a(lib_a-stdio.o)
                              d:/devkitpro/devkitarm/bin/../lib/gcc/arm-none-eabi/10.2.0/../../../../arm-none-eabi/lib/thumb\libg.a(lib_a-siscanf.o) (__seofread)
d:/devkitpro/devkitarm/bin/../lib/gcc/arm-none-eabi/10.2.0/../../../../arm-none-eabi/lib/thumb\libg.a(lib_a-strlen-stub.o)
                              d:/devkitpro/devkitarm/bin/../lib/gcc/arm-none-eabi/10.2.0/../../../../arm-none-eabi/lib/thumb\libg.a(lib_a-siscanf.o) (strlen)
d:/devkitpro/devkitarm/bin/../lib/gcc/arm-none-eabi/10.2.0/../../../../arm-none-eabi/lib/thumb\libg.a(lib_a-svfiscanf.o)
                              d:/devkitpro/devkitarm/bin/../lib/gcc/arm-none-eabi/10.2.0/../../../../arm-none-eabi/lib/thumb\libg.a(lib_a-siscanf.o) (__ssvfiscanf_r)
d:/devkitpro/devkitarm/bin/../lib/gcc/arm-none-eabi/10.2.0/../../../../arm-none-eabi/lib/thumb\libg.a(lib_a-ungetc.o)
                              d:/devkitpro/devkitarm/bin/../lib/gcc/arm-none-eabi/10.2.0/../../../../arm-none-eabi/lib/thumb\libg.a(lib_a-svfiscanf.o) (__submore)
d:/devkitpro/devkitarm/bin/../lib/gcc/arm-none-eabi/10.2.0/../../../../arm-none-eabi/lib/thumb\libg.a(lib_a-ctype_.o)
                              d:/devkitpro/devkitarm/bin/../lib/gcc/arm-none-eabi/10.2.0/../../../../arm-none-eabi/lib/thumb\libg.a(lib_a-svfiscanf.o) (_ctype_)
d:/devkitpro/devkitarm/bin/../lib/gcc/arm-none-eabi/10.2.0/../../../../arm-none-eabi/lib/thumb\libg.a(lib_a-fflush.o)
                              d:/devkitpro/devkitarm/bin/../lib/gcc/arm-none-eabi/10.2.0/../../../../arm-none-eabi/lib/thumb\libg.a(lib_a-setvbuf.o) (_fflush_r)
d:/devkitpro/devkitarm/bin/../lib/gcc/arm-none-eabi/10.2.0/../../../../arm-none-eabi/lib/thumb\libg.a(lib_a-findfp.o)
[...]
Memory Configuration

Name             Origin             Length             Attributes
rom              0x0000000008000000 0x0000000002000000
iwram            0x0000000003000000 0x0000000000008000
ewram            0x0000000002000000 0x0000000000040000
*default*        0x0000000000000000 0xffffffffffffffff

Linker script and memory map

                0x0000000008000000                __text_start = ORIGIN (rom)
                0x0000000002040000                __eheap_end = (ORIGIN (ewram) + LENGTH (ewram))
                0x0000000003000000                __iwram_start = ORIGIN (iwram)
                0x0000000003008000                __iwram_top = (ORIGIN (iwram) + LENGTH (iwram))
                0x0000000003007fa0                __sp_irq = (__iwram_top - 0x60)
                0x0000000003007f00                __sp_usr = (__sp_irq - 0xa0)
                0x0000000003007ff8                __irq_flags = 0x3007ff8
                0x0000000008000000                . = __text_start

.crt0           0x0000000008000000      0x210
 *(.crt0)
 .crt0          0x0000000008000000      0x210 d:/devkitpro/devkitarm/bin/../lib/gcc/arm-none-eabi/10.2.0/../../../../arm-none-eabi/lib/thumb/gba_crt0.o
                0x0000000008000000                _start
                0x00000000080000c4                __boot_method
                0x00000000080000c5                __slave_number
                0x00000000080000e0                start_vector
                0x0000000008000210                . = ALIGN (0x4)

.init           0x0000000008000210        0xc
 *(SORT_NONE(.init))
 .init          0x0000000008000210        0x4 d:/devkitpro/devkitarm/bin/../lib/gcc/arm-none-eabi/10.2.0/thumb/crti.o
                0x0000000008000210                _init
 .init          0x0000000008000214        0x8 d:/devkitpro/devkitarm/bin/../lib/gcc/arm-none-eabi/10.2.0/thumb/crtn.o

.plt            0x000000000800021c        0x0
 *(.plt)
                0x000000000800021c                . = ALIGN (0x4)

.text           0x0000000008000220     0x7200
 *(EXCLUDE_FILE(*.iwram*) .text*)
 .text.__do_global_dtors_aux
                0x0000000008000220       0x2c d:/devkitpro/devkitarm/bin/../lib/gcc/arm-none-eabi/10.2.0/thumb/crtbegin.o
 .text.frame_dummy
                0x000000000800024c       0x24 d:/devkitpro/devkitarm/bin/../lib/gcc/arm-none-eabi/10.2.0/thumb/crtbegin.o
 .text.startup  0x0000000008000270       0x5c MaxModExample.o
                0x0000000008000270                main
 .text          0x00000000080002cc     0x1564 D:/devkitPro/libgba/lib\libmm.a(mm_mas.o)
                0x0000000008000340                mmStart
                0x0000000008000360                mmJingle
                0x0000000008000366                mmPlayModule
                0x0000000008000430                mmPause
                0x000000000800044c                mmResume
                0x000000000800045c                mmActive
                0x0000000008000462                mmActiveSub
                0x0000000008000468                mmSetModuleVolume
                0x0000000008000478                mmSetJingleVolume
                0x00000000080004b4                mmGetPosition
                0x00000000080004ba                mmPosition
                0x00000000080004d4                mmSetModuleTempo
                0x0000000008000506                mmSetModulePitch
                0x0000000008000548                mmStop
                0x000000000800060e                mppUpdateSub
                0x000000000800076a                mpp_Process_VolumeCommand
                0x00000000080009a2                mpp_Process_Effect
                0x00000000080010f0                ST3_FREQTABLE
                0x0000000008001510                IT_PitchTable
 .text          0x0000000008001830      0x140 D:/devkitPro/libgba/lib\libmm.a(mm_main.o)
                0x0000000008001830                mpp_call_r7
                0x0000000008001832                mpp_call_r1
                0x0000000008001834                mpp_call_r2
                0x0000000008001836                mpp_call_r3
                0x0000000008001838                mmSetEventHandler
                0x0000000008001840                mmInit
                0x0000000008001894                mmSetVBlankHandler
                0x000000000800189a                mmFrame
 .text          0x0000000008001970      0x314 D:/devkitPro/libgba/lib\libmm.a(mm_effect.o)
                0x0000000008001970                mmResetEffects
                0x000000000800199c                mmEffect
                0x00000000080019b2                mmEffectEx
                0x0000000008001ab2                mmEffectActive
                0x0000000008001ae6                mmEffectVolume
                0x0000000008001b02                mmEffectPanning
                0x0000000008001b16                mmEffectRate
                0x0000000008001b2a                mmEffectCancel
                0x0000000008001b64                mmEffectRelease
                0x0000000008001b8a                mmEffectScaleRate
                0x0000000008001b9e                mmSetEffectsVolume
                0x0000000008001bac                mmEffectCancelAll
                0x0000000008001bec                mmUpdateEffects
 .text          0x0000000008001c84      0x1e0 D:/devkitPro/libgba/lib\libmm.a(mm_mixer_gba.o)
                0x0000000008001c84                mmMixerSetSource
                0x0000000008001c98                mmMixerSetRead
                0x0000000008001ca6                mmMixerSetFreq
                0x0000000008001cb6                mmMixerMulFreq
                0x0000000008001cca                mmMixerStopChannel
                0x0000000008001cdc                mmMixerChannelActive
                0x0000000008001cee                mmMixerSetVolume
                0x0000000008001cfc                mmMixerSetPan
                0x0000000008001d0a                mmMixerInit
 .text          0x0000000008001e64       0x44 D:/devkitPro/libgba/lib\libmm.a(mm_init_default.o)
                0x0000000008001e64                mmInitDefault
 .text          0x0000000008001ea8      0x3b8 D:/devkitPro/libgba/lib\libgba.a(interrupt.o)
                0x0000000008001ea8                dummy
                0x0000000008001eac                InitInterrupt
                0x0000000008001f08                irqInit
                0x0000000008001f64                SetInterrupt
                0x0000000008002048                irqSet
                0x000000000800212c                EnableInterrupt
                0x0000000008002178                irqEnable
                0x00000000080021c8                DisableInterrupt
                0x0000000008002214                irqDisable
 .text          0x0000000008002260      0x5ac D:/devkitPro/libgba/lib\libgba.a(console.o)
                0x0000000008002260                con_read
                0x0000000008002268                con_close
                0x0000000008002270                con_open
                0x0000000008002280                con_write
                0x00000000080024c8                consoleCls
                0x00000000080024f8                upcvt_4bit
                0x000000000800254c                consoleInit
                0x0000000008002648                consoleDemoInit
                0x0000000008002748                consolePrintChar
 .text          0x000000000800280c       0xbc D:/devkitPro/libgba/lib\libgba.a(input.o)
                0x000000000800280c                setRepeat
                0x0000000008002818                scanKeys
                0x000000000800288c                keysDownRepeat
                0x000000000800289c                keysDown
                0x00000000080028ac                keysUp
                0x00000000080028bc                keysHeld
 .text          0x00000000080028c8        0x8 D:/devkitPro/libgba/lib\libgba.a(CpuSet.o)
                0x00000000080028c8                CpuSet
                0x00000000080028cc                CpuFastSet
 .text          0x00000000080028d0       0x3c d:/devkitpro/devkitarm/bin/../lib/gcc/arm-none-eabi/10.2.0/thumb\libgcc.a(_call_via_rX.o)
                0x00000000080028d0                _call_via_r0
                0x00000000080028d4                _call_via_r1
                0x00000000080028d8                _call_via_r2
                0x00000000080028dc                _call_via_r3
                0x00000000080028e0                _call_via_r4
                0x00000000080028e4                _call_via_r5
                0x00000000080028e8                _call_via_r6
                0x00000000080028ec                _call_via_r7
                0x00000000080028f0                _call_via_r8
                0x00000000080028f4                _call_via_r9
                0x00000000080028f8                _call_via_sl
                0x00000000080028fc                _call_via_fp
                0x0000000008002900                _call_via_ip
                0x0000000008002904                _call_via_sp
                0x0000000008002908                _call_via_lr
 .text.__libc_init_array
                0x000000000800290c       0x50 d:/devkitpro/devkitarm/bin/../lib/gcc/arm-none-eabi/10.2.0/../../../../arm-none-eabi/lib/thumb\libg.a(lib_a-init.o)
                0x000000000800290c                __libc_init_array
 .text.malloc   0x000000000800295c       0x14 d:/devkitpro/devkitarm/bin/../lib/gcc/arm-none-eabi/10.2.0/../../../../arm-none-eabi/lib/thumb\libg.a(lib_a-malloc.o)
                0x000000000800295c                malloc
 .text.free     0x0000000008002970       0x14 d:/devkitpro/devkitarm/bin/../lib/gcc/arm-none-eabi/10.2.0/../../../../arm-none-eabi/lib/thumb\libg.a(lib_a-malloc.o)
                0x0000000008002970                free
 .text._malloc_r
                0x0000000008002984      0x59c d:/devkitpro/devkitarm/bin/../lib/gcc/arm-none-eabi/10.2.0/../../../../arm-none-eabi/lib/thumb\libg.a(lib_a-mallocr.o)
                0x0000000008002984                _malloc_r
 .text.__malloc_lock
                0x0000000008002f20       0x14 d:/devkitpro/devkitarm/bin/../lib/gcc/arm-none-eabi/10.2.0/../../../../arm-none-eabi/lib/thumb\libg.a(lib_a-mlock.o)
                0x0000000008002f20                __malloc_lock
 .text.__malloc_unlock
                0x0000000008002f34       0x14 d:/devkitpro/devkitarm/bin/../lib/gcc/arm-none-eabi/10.2.0/../../../../arm-none-eabi/lib/thumb\libg.a(lib_a-mlock.o)
                0x0000000008002f34                __malloc_unlock
 .text.setvbuf  0x0000000008002f48      0x1ac d:/devkitpro/devkitarm/bin/../lib/gcc/arm-none-eabi/10.2.0/../../../../arm-none-eabi/lib/thumb\libg.a(lib_a-setvbuf.o)
                0x0000000008002f48                setvbuf
 .text.siscanf  0x00000000080030f4       0x4c d:/devkitpro/devkitarm/bin/../lib/gcc/arm-none-eabi/10.2.0/../../../../arm-none-eabi/lib/thumb\libg.a(lib_a-siscanf.o)
                0x00000000080030f4                siscanf
 .text.__sread  0x0000000008003140       0x34 d:/devkitpro/devkitarm/bin/../lib/gcc/arm-none-eabi/10.2.0/../../../../arm-none-eabi/lib/thumb\libg.a(lib_a-stdio.o)
                0x0000000008003140                __sread
 .text.__seofread
                0x0000000008003174        0x4 d:/devkitpro/devkitarm/bin/../lib/gcc/arm-none-eabi/10.2.0/../../../../arm-none-eabi/lib/thumb\libg.a(lib_a-stdio.o)
                0x0000000008003174                __seofread
 .text.__swrite
                0x0000000008003178       0x54 d:/devkitpro/devkitarm/bin/../lib/gcc/arm-none-eabi/10.2.0/../../../../arm-none-eabi/lib/thumb\libg.a(lib_a-stdio.o)
                0x0000000008003178                __swrite
 .text.__sseek  0x00000000080031cc       0x40 d:/devkitpro/devkitarm/bin/../lib/gcc/arm-none-eabi/10.2.0/../../../../arm-none-eabi/lib/thumb\libg.a(lib_a-stdio.o)
                0x00000000080031cc                __sseek
 .text.__sclose
                0x000000000800320c       0x10 d:/devkitpro/devkitarm/bin/../lib/gcc/arm-none-eabi/10.2.0/../../../../arm-none-eabi/lib/thumb\libg.a(lib_a-stdio.o)
                0x000000000800320c                __sclose
 .text.strlen   0x000000000800321c       0x60 d:/devkitpro/devkitarm/bin/../lib/gcc/arm-none-eabi/10.2.0/../../../../arm-none-eabi/lib/thumb\libg.a(lib_a-strlen-stub.o)
                0x000000000800321c                strlen
 .text.get_arg  0x000000000800327c       0x32 d:/devkitpro/devkitarm/bin/../lib/gcc/arm-none-eabi/10.2.0/../../../../arm-none-eabi/lib/thumb\libg.a(lib_a-svfiscanf.o)
 .text._sungetc_r
                0x00000000080032ae       0x7e d:/devkitpro/devkitarm/bin/../lib/gcc/arm-none-eabi/10.2.0/../../../../arm-none-eabi/lib/thumb\libg.a(lib_a-svfiscanf.o)
                0x00000000080032ae                _sungetc_r
 .text.__ssrefill_r
                0x000000000800332c       0x42 d:/devkitpro/devkitarm/bin/../lib/gcc/arm-none-eabi/10.2.0/../../../../arm-none-eabi/lib/thumb\libg.a(lib_a-svfiscanf.o)
                0x000000000800332c                __ssrefill_r
 .text._sfread_r
                0x000000000800336e       0x8a d:/devkitpro/devkitarm/bin/../lib/gcc/arm-none-eabi/10.2.0/../../../../arm-none-eabi/lib/thumb\libg.a(lib_a-svfiscanf.o)
                0x000000000800336e                _sfread_r
 .text.__ssvfiscanf_r
                0x00000000080033f8     0x1b6c d:/devkitpro/devkitarm/bin/../lib/gcc/arm-none-eabi/10.2.0/../../../../arm-none-eabi/lib/thumb\libg.a(lib_a-svfiscanf.o)
                0x00000000080033f8                __ssvfiscanf_r
 .text.__submore
                0x0000000008004f64       0x88 d:/devkitpro/devkitarm/bin/../lib/gcc/arm-none-eabi/10.2.0/../../../../arm-none-eabi/lib/thumb\libg.a(lib_a-ungetc.o)
                0x0000000008004f64                __submore
 .text.__sflush_r
                0x0000000008004fec      0x1c0 d:/devkitpro/devkitarm/bin/../lib/gcc/arm-none-eabi/10.2.0/../../../../arm-none-eabi/lib/thumb\libg.a(lib_a-fflush.o)
                0x0000000008004fec                __sflush_r
 .text._fflush_r
                0x00000000080051ac       0x70 d:/devkitpro/devkitarm/bin/../lib/gcc/arm-none-eabi/10.2.0/../../../../arm-none-eabi/lib/thumb\libg.a(lib_a-fflush.o)
                0x00000000080051ac                _fflush_r
 .text._cleanup_r
                0x000000000800521c       0x14 d:/devkitpro/devkitarm/bin/../lib/gcc/arm-none-eabi/10.2.0/../../../../arm-none-eabi/lib/thumb\libg.a(lib_a-findfp.o)
                0x000000000800521c                _cleanup_r
 .text.__sinit  0x0000000008005230      0x124 d:/devkitpro/devkitarm/bin/../lib/gcc/arm-none-eabi/10.2.0/../../../../arm-none-eabi/lib/thumb\libg.a(lib_a-findfp.o)
                0x0000000008005230                __sinit
 .text.__sfp_lock_acquire
                0x0000000008005354       0x14 d:/devkitpro/devkitarm/bin/../lib/gcc/arm-none-eabi/10.2.0/../../../../arm-none-eabi/lib/thumb\libg.a(lib_a-findfp.o)
                0x0000000008005354                __sfp_lock_acquire
 .text.__sfp_lock_release
                0x0000000008005368       0x14 d:/devkitpro/devkitarm/bin/../lib/gcc/arm-none-eabi/10.2.0/../../../../arm-none-eabi/lib/thumb\libg.a(lib_a-findfp.o)
                0x0000000008005368                __sfp_lock_release
 .text._malloc_trim_r
                0x000000000800537c       0xa0 d:/devkitpro/devkitarm/bin/../lib/gcc/arm-none-eabi/10.2.0/../../../../arm-none-eabi/lib/thumb\libg.a(lib_a-freer.o)
                0x000000000800537c                _malloc_trim_r
 .text._free_r  0x000000000800541c      0x1e0 d:/devkitpro/devkitarm/bin/../lib/gcc/arm-none-eabi/10.2.0/../../../../arm-none-eabi/lib/thumb\libg.a(lib_a-freer.o)
                0x000000000800541c                _free_r
 .text._fwalk_reent
                0x00000000080055fc       0x50 d:/devkitpro/devkitarm/bin/../lib/gcc/arm-none-eabi/10.2.0/../../../../arm-none-eabi/lib/thumb\libg.a(lib_a-fwalk.o)
                0x00000000080055fc                _fwalk_reent
 .text.iswspace
                0x000000000800564c       0x10 d:/devkitpro/devkitarm/bin/../lib/gcc/arm-none-eabi/10.2.0/../../../../arm-none-eabi/lib/thumb\libg.a(lib_a-iswspace.o)
                0x000000000800564c                iswspace
 .text.__locale_mb_cur_max
                0x000000000800565c       0x10 d:/devkitpro/devkitarm/bin/../lib/gcc/arm-none-eabi/10.2.0/../../../../arm-none-eabi/lib/thumb\libg.a(lib_a-locale.o)
                0x000000000800565c                __locale_mb_cur_max
 .text.__swhatbuf_r
                0x000000000800566c       0x64 d:/devkitpro/devkitarm/bin/../lib/gcc/arm-none-eabi/10.2.0/../../../../arm-none-eabi/lib/thumb\libg.a(lib_a-makebuf.o)
                0x000000000800566c                __swhatbuf_r
 .text._mbrtowc_r
                0x00000000080056d0       0x60 d:/devkitpro/devkitarm/bin/../lib/gcc/arm-none-eabi/10.2.0/../../../../arm-none-eabi/lib/thumb\libg.a(lib_a-mbrtowc.o)
                0x00000000080056d0                _mbrtowc_r
 .text.__utf8_mbtowc
                0x0000000008005730      0x280 d:/devkitpro/devkitarm/bin/../lib/gcc/arm-none-eabi/10.2.0/../../../../arm-none-eabi/lib/thumb\libg.a(lib_a-mbtowc_r.o)
                0x0000000008005730                __utf8_mbtowc
 .text.memcpy   0x00000000080059b0       0xa8 d:/devkitpro/devkitarm/bin/../lib/gcc/arm-none-eabi/10.2.0/../../../../arm-none-eabi/lib/thumb\libg.a(lib_a-memcpy-stub.o)
                0x00000000080059b0                memcpy
 .text.memset   0x0000000008005a58       0xb0 d:/devkitpro/devkitarm/bin/../lib/gcc/arm-none-eabi/10.2.0/../../../../arm-none-eabi/lib/thumb\libg.a(lib_a-memset.o)
                0x0000000008005a58                memset
 .text.realloc  0x0000000008005b08       0x18 d:/devkitpro/devkitarm/bin/../lib/gcc/arm-none-eabi/10.2.0/../../../../arm-none-eabi/lib/thumb\libg.a(lib_a-realloc.o)
                0x0000000008005b08                realloc
 .text._realloc_r
                0x0000000008005b20      0x38c d:/devkitpro/devkitarm/bin/../lib/gcc/arm-none-eabi/10.2.0/../../../../arm-none-eabi/lib/thumb\libg.a(lib_a-reallocr.o)
                0x0000000008005b20                _realloc_r
 .text.__sccl   0x0000000008005eac       0x90 d:/devkitpro/devkitarm/bin/../lib/gcc/arm-none-eabi/10.2.0/../../../../arm-none-eabi/lib/thumb\libg.a(lib_a-sccl.o)
                0x0000000008005eac                __sccl
 .text          0x0000000008005f3c      0x224 d:/devkitpro/devkitarm/bin/../lib/gcc/arm-none-eabi/10.2.0/../../../../arm-none-eabi/lib/thumb\libg.a(lib_a-strcmp.o)
                0x0000000008005f3c                strcmp
 .text._strtoll_l.constprop.0
                0x0000000008006160      0x1ac d:/devkitpro/devkitarm/bin/../lib/gcc/arm-none-eabi/10.2.0/../../../../arm-none-eabi/lib/thumb\libg.a(lib_a-strtoll.o)
 .text._strtoll_r
                0x000000000800630c        0xc d:/devkitpro/devkitarm/bin/../lib/gcc/arm-none-eabi/10.2.0/../../../../arm-none-eabi/lib/thumb\libg.a(lib_a-strtoll.o)
                0x000000000800630c                _strtoll_r
 .text._strtol_l.part.0
                0x0000000008006318      0x150 d:/devkitpro/devkitarm/bin/../lib/gcc/arm-none-eabi/10.2.0/../../../../arm-none-eabi/lib/thumb\libg.a(lib_a-strtol.o)
 .text._strtol_r
                0x0000000008006468       0x20 d:/devkitpro/devkitarm/bin/../lib/gcc/arm-none-eabi/10.2.0/../../../../arm-none-eabi/lib/thumb\libg.a(lib_a-strtol.o)
                0x0000000008006468                _strtol_r
 .text._strtoull_l.constprop.0
                0x0000000008006488      0x1c8 d:/devkitpro/devkitarm/bin/../lib/gcc/arm-none-eabi/10.2.0/../../../../arm-none-eabi/lib/thumb\libg.a(lib_a-strtoull.o)
 .text._strtoull_r
                0x0000000008006650        0xc d:/devkitpro/devkitarm/bin/../lib/gcc/arm-none-eabi/10.2.0/../../../../arm-none-eabi/lib/thumb\libg.a(lib_a-strtoull.o)
                0x0000000008006650                _strtoull_r
 .text._strtoul_l.constprop.0
                0x000000000800665c      0x148 d:/devkitpro/devkitarm/bin/../lib/gcc/arm-none-eabi/10.2.0/../../../../arm-none-eabi/lib/thumb\libg.a(lib_a-strtoul.o)
 .text._strtoul_r
                0x00000000080067a4        0xc d:/devkitpro/devkitarm/bin/../lib/gcc/arm-none-eabi/10.2.0/../../../../arm-none-eabi/lib/thumb\libg.a(lib_a-strtoul.o)
                0x00000000080067a4                _strtoul_r
 .text.__utf8_wctomb
                0x00000000080067b0       0xb4 d:/devkitpro/devkitarm/bin/../lib/gcc/arm-none-eabi/10.2.0/../../../../arm-none-eabi/lib/thumb\libg.a(lib_a-wctomb_r.o)
                0x00000000080067b0                __utf8_wctomb
 .text.__errno  0x0000000008006864        0xc d:/devkitpro/devkitarm/bin/../lib/gcc/arm-none-eabi/10.2.0/../../../../arm-none-eabi/lib/thumb\libg.a(lib_a-errno.o)
                0x0000000008006864                __errno
 .text._fclose_r
                0x0000000008006870       0xe8 d:/devkitpro/devkitarm/bin/../lib/gcc/arm-none-eabi/10.2.0/../../../../arm-none-eabi/lib/thumb\libg.a(lib_a-fclose.o)
                0x0000000008006870                _fclose_r
 .text.iswspace_l
                0x0000000008006958       0x2c d:/devkitpro/devkitarm/bin/../lib/gcc/arm-none-eabi/10.2.0/../../../../arm-none-eabi/lib/thumb\libg.a(lib_a-iswspace_l.o)
                0x0000000008006958                iswspace_l
 .text.__jp2uc  0x0000000008006984      0x164 d:/devkitpro/devkitarm/bin/../lib/gcc/arm-none-eabi/10.2.0/../../../../arm-none-eabi/lib/thumb\libg.a(lib_a-jp2uc.o)
 .text._jp2uc_l
                0x0000000008006ae8       0x6c d:/devkitpro/devkitarm/bin/../lib/gcc/arm-none-eabi/10.2.0/../../../../arm-none-eabi/lib/thumb\libg.a(lib_a-jp2uc.o)
                0x0000000008006ae8                _jp2uc_l
 .text.memmove  0x0000000008006b54       0xbc d:/devkitpro/devkitarm/bin/../lib/gcc/arm-none-eabi/10.2.0/../../../../arm-none-eabi/lib/thumb\libg.a(lib_a-memmove.o)
                0x0000000008006b54                memmove
 .text.category
                0x0000000008006c10       0x54 d:/devkitpro/devkitarm/bin/../lib/gcc/arm-none-eabi/10.2.0/../../../../arm-none-eabi/lib/thumb\libg.a(lib_a-categories.o)
                0x0000000008006c10                category
 .text.null_write
                0x0000000008006c64        0x4 d:/devkitpro/devkitarm/bin/../lib/gcc/arm-none-eabi/10.2.0/../../../../arm-none-eabi/lib/thumb\libsysbase.a(iosupport.o)
 .text._fstat_r
                0x0000000008006c68       0x4c d:/devkitpro/devkitarm/bin/../lib/gcc/arm-none-eabi/10.2.0/../../../../arm-none-eabi/lib/thumb\libsysbase.a(fstat.o)
                0x0000000008006c68                _fstat_r
 .text._lseek_r
                0x0000000008006cb4       0x5c d:/devkitpro/devkitarm/bin/../lib/gcc/arm-none-eabi/10.2.0/../../../../arm-none-eabi/lib/thumb\libsysbase.a(lseek.o)
                0x0000000008006cb4                _lseek_r
 .text._read_r  0x0000000008006d10       0x50 d:/devkitpro/devkitarm/bin/../lib/gcc/arm-none-eabi/10.2.0/../../../../arm-none-eabi/lib/thumb\libsysbase.a(read.o)
                0x0000000008006d10                _read_r
 .text._sbrk_r  0x0000000008006d60       0x54 d:/devkitpro/devkitarm/bin/../lib/gcc/arm-none-eabi/10.2.0/../../../../arm-none-eabi/lib/thumb\libsysbase.a(sbrk.o)
                0x0000000008006d60                _sbrk_r
 .text._write_r
                0x0000000008006db4       0x50 d:/devkitpro/devkitarm/bin/../lib/gcc/arm-none-eabi/10.2.0/../../../../arm-none-eabi/lib/thumb\libsysbase.a(write.o)
                0x0000000008006db4                _write_r
 .text.__flockfile
                0x0000000008006e04       0x10 d:/devkitpro/devkitarm/bin/../lib/gcc/arm-none-eabi/10.2.0/../../../../arm-none-eabi/lib/thumb\libsysbase.a(flock.o)
                0x0000000008006e04                __flockfile
 .text.__funlockfile
                0x0000000008006e14       0x10 d:/devkitpro/devkitarm/bin/../lib/gcc/arm-none-eabi/10.2.0/../../../../arm-none-eabi/lib/thumb\libsysbase.a(flock.o)
                0x0000000008006e14                __funlockfile
 .text.__libc_lock_acquire
                0x0000000008006e24       0x1c d:/devkitpro/devkitarm/bin/../lib/gcc/arm-none-eabi/10.2.0/../../../../arm-none-eabi/lib/thumb\libsysbase.a(syscall_support.o)
                0x0000000008006e24                __libc_lock_acquire
 .text.__libc_lock_release
                0x0000000008006e40       0x1c d:/devkitpro/devkitarm/bin/../lib/gcc/arm-none-eabi/10.2.0/../../../../arm-none-eabi/lib/thumb\libsysbase.a(syscall_support.o)
                0x0000000008006e40                __libc_lock_release
 .text.__libc_lock_init_recursive
                0x0000000008006e5c       0x1c d:/devkitpro/devkitarm/bin/../lib/gcc/arm-none-eabi/10.2.0/../../../../arm-none-eabi/lib/thumb\libsysbase.a(syscall_support.o)
                0x0000000008006e5c                __libc_lock_init_recursive
 .text.__libc_lock_acquire_recursive
                0x0000000008006e78       0x1c d:/devkitpro/devkitarm/bin/../lib/gcc/arm-none-eabi/10.2.0/../../../../arm-none-eabi/lib/thumb\libsysbase.a(syscall_support.o)
                0x0000000008006e78                __libc_lock_acquire_recursive
 .text.__libc_lock_release_recursive
                0x0000000008006e94       0x1c d:/devkitpro/devkitarm/bin/../lib/gcc/arm-none-eabi/10.2.0/../../../../arm-none-eabi/lib/thumb\libsysbase.a(syscall_support.o)
                0x0000000008006e94                __libc_lock_release_recursive
 .text.__libc_lock_close_recursive
                0x0000000008006eb0       0x1c d:/devkitpro/devkitarm/bin/../lib/gcc/arm-none-eabi/10.2.0/../../../../arm-none-eabi/lib/thumb\libsysbase.a(syscall_support.o)
                0x0000000008006eb0                __libc_lock_close_recursive
 .text.__get_handle
                0x0000000008006ecc       0x34 d:/devkitpro/devkitarm/bin/../lib/gcc/arm-none-eabi/10.2.0/../../../../arm-none-eabi/lib/thumb\libsysbase.a(handle_manager.o)
                0x0000000008006ecc                __get_handle
 .text._close_r
                0x0000000008006f00       0xb8 d:/devkitpro/devkitarm/bin/../lib/gcc/arm-none-eabi/10.2.0/../../../../arm-none-eabi/lib/thumb\libsysbase.a(handle_manager.o)
                0x0000000008006f00                _close_r
 .text.__getreent
                0x0000000008006fb8       0x28 d:/devkitpro/devkitarm/bin/../lib/gcc/arm-none-eabi/10.2.0/../../../../arm-none-eabi/lib/thumb\libsysbase.a(getreent.o)
                0x0000000008006fb8                __getreent
 .text          0x0000000008006fe0       0x14 d:/devkitpro/devkitarm/bin/../lib/gcc/arm-none-eabi/10.2.0/thumb\libgcc.a(_thumb1_case_uqi.o)
                0x0000000008006fe0                __gnu_thumb1_case_uqi
 .text          0x0000000008006ff4       0x14 d:/devkitpro/devkitarm/bin/../lib/gcc/arm-none-eabi/10.2.0/thumb\libgcc.a(_thumb1_case_uhi.o)
                0x0000000008006ff4                __gnu_thumb1_case_uhi
 .text          0x0000000008007008      0x11c d:/devkitpro/devkitarm/bin/../lib/gcc/arm-none-eabi/10.2.0/thumb\libgcc.a(_udivsi3.o)
                0x0000000008007008                __aeabi_uidiv
                0x0000000008007008                __udivsi3
                0x0000000008007104                __aeabi_uidivmod
 .text          0x0000000008007124        0x4 d:/devkitpro/devkitarm/bin/../lib/gcc/arm-none-eabi/10.2.0/thumb\libgcc.a(_dvmd_tls.o)
                0x0000000008007124                __aeabi_idiv0
                0x0000000008007124                __aeabi_ldiv0
 .text          0x0000000008007128       0x3c d:/devkitpro/devkitarm/bin/../lib/gcc/arm-none-eabi/10.2.0/thumb\libgcc.a(_aeabi_uldivmod.o)
                0x0000000008007128                __aeabi_uldivmod
 .text.__muldi3
                0x0000000008007164       0x54 d:/devkitpro/devkitarm/bin/../lib/gcc/arm-none-eabi/10.2.0/thumb\libgcc.a(_muldi3.o)
                0x0000000008007164                __muldi3
                0x0000000008007164                __aeabi_lmul
 .text.__udivmoddi4
                0x00000000080071b8      0x19c d:/devkitpro/devkitarm/bin/../lib/gcc/arm-none-eabi/10.2.0/thumb\libgcc.a(_udivmoddi4.o)
                0x00000000080071b8                __udivmoddi4
 .text          0x0000000008007354       0x28 d:/devkitpro/devkitarm/bin/../lib/gcc/arm-none-eabi/10.2.0/thumb\libgcc.a(_clzdi2.o)
                0x0000000008007354                __clzdi2
 .text          0x000000000800737c       0x48 d:/devkitpro/devkitarm/bin/../lib/gcc/arm-none-eabi/10.2.0/thumb\libgcc.a(_clzsi2.o)
                0x000000000800737c                __clzsi2
 *fill*         0x00000000080073c4        0x4 ff
 .text.__stub   0x00000000080073c8       0x4c linker stubs
 *(.gnu.linkonce.t.*)
 *(.text.*personality*)
 *(.gnu.warning)
 *(.glue_7t)
 .glue_7t       0x0000000008007420        0x0 linker stubs
 *(.glue_7)
 .glue_7        0x0000000008007420        0x0 linker stubs
 *(.vfp11_veneer)
 .vfp11_veneer  0x0000000008007420        0x0 linker stubs
                0x0000000008007420                . = ALIGN (0x4)
                0x0000000008007420                __text_end = .

.v4_bx          0x0000000008007420        0x0
 .v4_bx         0x0000000008007420        0x0 linker stubs

.iplt           0x0000000008007420        0x0
 .iplt          0x0000000008007420        0x0 d:/devkitpro/devkitarm/bin/../lib/gcc/arm-none-eabi/10.2.0/../../../../arm-none-eabi/lib/thumb/gba_crt0.o

.fini           0x0000000008007420        0xc
 *(.fini)
 .fini          0x0000000008007420        0x4 d:/devkitpro/devkitarm/bin/../lib/gcc/arm-none-eabi/10.2.0/thumb/crti.o
                0x0000000008007420                _fini
 .fini          0x0000000008007424        0x8 d:/devkitpro/devkitarm/bin/../lib/gcc/arm-none-eabi/10.2.0/thumb/crtn.o
                0x000000000800742c                . = ALIGN (0x4)

.rodata         0x000000000800742c    0x64dbc
 *(.rodata)
 .rodata        0x000000000800742c      0x1b4 D:/devkitPro/libgba/lib\libgba.a(console.o)
                0x0000000008007500                dotab_stdout
                0x0000000008007570                dotab_stderr
 .rodata        0x00000000080075e0      0x804 D:/devkitPro/libgba/lib\libgba.a(amiga.fnt.o)
                0x00000000080075e0                amiga_fnt
                0x0000000008007de0                amiga_fnt_size
                0x0000000008007de0                amiga_fnt_end
 *all.rodata*(*)
 *(.roda)
 *(.rodata.*)
 .rodata.soundbank_bin
                0x0000000008007de4    0x5db04 soundbank.bin.o
                0x0000000008007de4                soundbank_bin
                0x00000000080658e8                soundbank_bin_end
 .rodata.str1.4
                0x00000000080658e8       0x2c D:/devkitPro/libgba/lib\libgba.a(console.o)
 .rodata.basefix.0
                0x0000000008065914       0x22 d:/devkitpro/devkitarm/bin/../lib/gcc/arm-none-eabi/10.2.0/../../../../arm-none-eabi/lib/thumb\libg.a(lib_a-svfiscanf.o)
 *fill*         0x0000000008065936        0x2 ff
 .rodata._ctype_
                0x0000000008065938      0x101 d:/devkitpro/devkitarm/bin/../lib/gcc/arm-none-eabi/10.2.0/../../../../arm-none-eabi/lib/thumb\libg.a(lib_a-ctype_.o)
                0x0000000008065938                _ctype_
 *fill*         0x0000000008065a39        0x3 ff
 .rodata.str1.4
                0x0000000008065a3c       0x48 d:/devkitpro/devkitarm/bin/../lib/gcc/arm-none-eabi/10.2.0/../../../../arm-none-eabi/lib/thumb\libg.a(lib_a-locale.o)
                                         0x4c (size before relaxing)
 .rodata._mbrtowc_r.str1.4
                0x0000000008065a84        0x1 d:/devkitpro/devkitarm/bin/../lib/gcc/arm-none-eabi/10.2.0/../../../../arm-none-eabi/lib/thumb\libg.a(lib_a-mbrtowc.o)
 .rodata.__jp2uc
                0x0000000008065a84       0x20 d:/devkitpro/devkitarm/bin/../lib/gcc/arm-none-eabi/10.2.0/../../../../arm-none-eabi/lib/thumb\libg.a(lib_a-jp2uc.o)
 .rodata._jp2uc_l.str1.4
                0x0000000008065aa4       0x12 d:/devkitpro/devkitarm/bin/../lib/gcc/arm-none-eabi/10.2.0/../../../../arm-none-eabi/lib/thumb\libg.a(lib_a-jp2uc.o)
 *fill*         0x0000000008065ab6        0x2 ff
 .rodata.a1     0x0000000008065ab8       0xbc d:/devkitpro/devkitarm/bin/../lib/gcc/arm-none-eabi/10.2.0/../../../../arm-none-eabi/lib/thumb\libg.a(lib_a-jp2uc.o)
 .rodata.a2     0x0000000008065b74       0xbc d:/devkitpro/devkitarm/bin/../lib/gcc/arm-none-eabi/10.2.0/../../../../arm-none-eabi/lib/thumb\libg.a(lib_a-jp2uc.o)
 .rodata.a3     0x0000000008065c30       0x5b d:/devkitpro/devkitarm/bin/../lib/gcc/arm-none-eabi/10.2.0/../../../../arm-none-eabi/lib/thumb\libg.a(lib_a-jp2uc.o)
 *fill*         0x0000000008065c8b        0x1 ff
 .rodata.a6     0x0000000008065c8c       0x70 d:/devkitpro/devkitarm/bin/../lib/gcc/arm-none-eabi/10.2.0/../../../../arm-none-eabi/lib/thumb\libg.a(lib_a-jp2uc.o)
 .rodata.a7     0x0000000008065cfc       0xa2 d:/devkitpro/devkitarm/bin/../lib/gcc/arm-none-eabi/10.2.0/../../../../arm-none-eabi/lib/thumb\libg.a(lib_a-jp2uc.o)
 *fill*         0x0000000008065d9e        0x2 ff
 .rodata.a8     0x0000000008065da0       0x40 d:/devkitpro/devkitarm/bin/../lib/gcc/arm-none-eabi/10.2.0/../../../../arm-none-eabi/lib/thumb\libg.a(lib_a-jp2uc.o)
 .rodata.b02cf  0x0000000008065de0     0x172a d:/devkitpro/devkitarm/bin/../lib/gcc/arm-none-eabi/10.2.0/../../../../arm-none-eabi/lib/thumb\libg.a(lib_a-jp2uc.o)
 *fill*         0x000000000806750a        0x2 ff
 .rodata.d02f4  0x000000000806750c     0x1a7c d:/devkitpro/devkitarm/bin/../lib/gcc/arm-none-eabi/10.2.0/../../../../arm-none-eabi/lib/thumb\libg.a(lib_a-jp2uc.o)
 .rodata.categories
                0x0000000008068f88     0x31e6 d:/devkitpro/devkitarm/bin/../lib/gcc/arm-none-eabi/10.2.0/../../../../arm-none-eabi/lib/thumb\libg.a(lib_a-categories.o)
 *fill*         0x000000000806c16e        0x2 ff
 .rodata.AddDevice.str1.4
                0x000000000806c170        0x8 d:/devkitpro/devkitarm/bin/../lib/gcc/arm-none-eabi/10.2.0/../../../../arm-none-eabi/lib/thumb\libsysbase.a(iosupport.o)
 .rodata.dotab_stdnull
                0x000000000806c178       0x70 d:/devkitpro/devkitarm/bin/../lib/gcc/arm-none-eabi/10.2.0/../../../../arm-none-eabi/lib/thumb\libsysbase.a(iosupport.o)
                0x000000000806c178                dotab_stdnull
 *(.gnu.linkonce.r*)
                0x000000000806c1e8                . = ALIGN (0x4)

.ARM.extab
 *(.ARM.extab* .gnu.linkonce.armextab.*)
                0x000000000806c1e8                __exidx_start = .

.ARM.exidx
 *(.ARM.exidx* .gnu.linkonce.armexidx.*)
                0x000000000806c1e8                __exidx_end = .

.ctors          0x000000000806c1e8        0x0
 *crtbegin.o(.ctors)
 *(EXCLUDE_FILE(*crtend.o) .ctors)
 *(SORT_BY_NAME(.ctors.*))
 *(.ctors)
                0x000000000806c1e8                . = ALIGN (0x4)

.dtors          0x000000000806c1e8        0x0
 *crtbegin.o(.dtors)
 *(EXCLUDE_FILE(*crtend.o) .dtors)
 *(SORT_BY_NAME(.dtors.*))
 *(.dtors)
                0x000000000806c1e8                . = ALIGN (0x4)

.eh_frame       0x000000000806c1e8        0x4
 *(.eh_frame)
 .eh_frame      0x000000000806c1e8        0x0 d:/devkitpro/devkitarm/bin/../lib/gcc/arm-none-eabi/10.2.0/thumb/crtbegin.o
 .eh_frame      0x000000000806c1e8        0x4 d:/devkitpro/devkitarm/bin/../lib/gcc/arm-none-eabi/10.2.0/thumb/crtend.o
                0x000000000806c1ec                . = ALIGN (0x4)

.gcc_except_table
                0x000000000806c1ec        0x0
 *(.gcc_except_table)
                0x000000000806c1ec                . = ALIGN (0x4)
                0x000000000806c1ec                __iwram_lma = .

.iwram          0x0000000003000000     0x1494 load address 0x000000000806c1ec
                0x0000000003000000                __iwram_start__ = ABSOLUTE (.)
 *(.iwram .iwram*)
 .iwram         0x0000000003000000      0x554 D:/devkitPro/libgba/lib\libmm.a(mm_mas.o)
                0x0000000003000000                mppProcessTick
                0x00000000030000e4                mpp_Channel_NewNote
                0x00000000030001c4                mpp_Update_ACHN_notest
 .iwram         0x0000000003000554        0x8 D:/devkitPro/libgba/lib\libmm.a(mm_main.o)
                0x0000000003000554                mpp_call_r7i
                0x0000000003000556                mpp_call_r2i
                0x0000000003000558                mpp_call_r1i
 .iwram         0x000000000300055c      0x648 D:/devkitPro/libgba/lib\libmm.a(mm_mas_arm.o)
                0x000000000300055c                mmAllocChannel
                0x00000000030005d0                mmReadPattern
                0x00000000030006bc                mmUpdateChannel_T0
                0x00000000030008fc                mmUpdateChannel_TN
                0x0000000003000a9c                mmGetPeriod
                0x0000000003000ae0                note_table_oct
                0x0000000003000afe                note_table_mod
 .iwram         0x0000000003000ba4      0x838 D:/devkitPro/libgba/lib\libmm.a(mm_mixer_gba.o)
                0x0000000003000ba8                mmVBlank
                0x0000000003000c2c                mmMixerMix
 .iwram         0x00000000030013dc       0xb8 D:/devkitPro/libgba/lib\libgba.a(InterruptDispatcher.o)
                0x00000000030013dc                IntrMain
 *iwram.*(.text* .data*)
                0x0000000003001494                . = ALIGN (0x4)
                0x0000000003001494                __iwram_end__ = ABSOLUTE (.)
                0x000000000806d680                __data_lma = (__iwram_lma + SIZEOF (.iwram))

.rel.dyn        0x0000000003001494        0x0 load address 0x000000000806d680
 .rel.iplt      0x0000000003001494        0x0 d:/devkitpro/devkitarm/bin/../lib/gcc/arm-none-eabi/10.2.0/../../../../arm-none-eabi/lib/thumb/gba_crt0.o

.bss            0x0000000003001494      0x8b8
                0x0000000003001494                __bss_start = ABSOLUTE (.)
                0x0000000003001494                __bss_start__ = ABSOLUTE (.)
 *(.dynbss)
 *(.gnu.linkonce.b*)
 *(.bss*)
 .bss.completed.1
                0x0000000003001494        0x1 d:/devkitpro/devkitarm/bin/../lib/gcc/arm-none-eabi/10.2.0/thumb/crtbegin.o
 *fill*         0x0000000003001495        0x3 
 .bss.object.0  0x0000000003001498       0x18 d:/devkitpro/devkitarm/bin/../lib/gcc/arm-none-eabi/10.2.0/thumb/crtbegin.o
 .bss           0x00000000030014b0      0x148 D:/devkitPro/libgba/lib\libmm.a(mm_mas.o)
                0x00000000030014b0                mmLayerMain
                0x00000000030014e8                mmLayerSub
                0x0000000003001520                mpp_vars
                0x0000000003001530                mpp_layerp
                0x0000000003001534                mpp_channels
                0x0000000003001544                mpp_nchannels
                0x0000000003001545                mpp_clayer
                0x0000000003001548                mm_achannels
                0x000000000300154c                mm_pchannels
                0x0000000003001550                mm_num_mch
                0x0000000003001554                mm_num_ach
                0x0000000003001558                mm_schannels
 .bss           0x00000000030015f8       0x20 D:/devkitPro/libgba/lib\libmm.a(mm_main.o)
                0x00000000030015f8                mmCallback
                0x00000000030015fc                mmModuleCount
                0x0000000003001600                mmModuleBank
                0x0000000003001604                mmSampleBank
                0x0000000003001608                mm_ch_mask
                0x000000000300160c                mm_vblank_function
                0x0000000003001610                mmInitialized
                0x0000000003001614                mp_solution
 .bss           0x0000000003001618       0x2d D:/devkitPro/libgba/lib\libmm.a(mm_effect.o)
                0x000000000300163c                mm_sfx_bitmask
                0x0000000003001640                mm_sfx_clearmask
 *fill*         0x0000000003001645        0x3 
 .bss           0x0000000003001648      0x1bc D:/devkitPro/libgba/lib\libmm.a(mm_mixer_gba.o)
                0x0000000003001648                mp_writepos
                0x0000000003001650                mm_mixchannels
                0x0000000003001658                mm_mixlen
                0x000000000300166c                mm_bpmdv
                0x0000000003001670                mp_mix_seg
 .bss           0x0000000003001804      0x420 D:/devkitPro/libgba/lib\libmm.a(mm_init_default.o)
 .bss           0x0000000003001c24       0x1c D:/devkitPro/libgba/lib\libgba.a(console.o)
 .bss           0x0000000003001c40        0xa D:/devkitPro/libgba/lib\libgba.a(input.o)
 *fill*         0x0000000003001c4a        0x2 
 .bss.__malloc_current_mallinfo
                0x0000000003001c4c       0x28 d:/devkitpro/devkitarm/bin/../lib/gcc/arm-none-eabi/10.2.0/../../../../arm-none-eabi/lib/thumb\libg.a(lib_a-mallocr.o)
                0x0000000003001c4c                __malloc_current_mallinfo
 .bss.__malloc_max_sbrked_mem
                0x0000000003001c74        0x4 d:/devkitpro/devkitarm/bin/../lib/gcc/arm-none-eabi/10.2.0/../../../../arm-none-eabi/lib/thumb\libg.a(lib_a-mallocr.o)
                0x0000000003001c74                __malloc_max_sbrked_mem
 .bss.__malloc_max_total_mem
                0x0000000003001c78        0x4 d:/devkitpro/devkitarm/bin/../lib/gcc/arm-none-eabi/10.2.0/../../../../arm-none-eabi/lib/thumb\libg.a(lib_a-mallocr.o)
                0x0000000003001c78                __malloc_max_total_mem
 .bss.__malloc_top_pad
                0x0000000003001c7c        0x4 d:/devkitpro/devkitarm/bin/../lib/gcc/arm-none-eabi/10.2.0/../../../../arm-none-eabi/lib/thumb\libg.a(lib_a-mallocr.o)
                0x0000000003001c7c                __malloc_top_pad
 .bss.heap_start.0
                0x0000000003001c80        0x4 d:/devkitpro/devkitarm/bin/../lib/gcc/arm-none-eabi/10.2.0/../../../../arm-none-eabi/lib/thumb\libsysbase.a(sbrk.o)
 .bss.fake_heap_end
                0x0000000003001c84        0x4 d:/devkitpro/devkitarm/bin/../lib/gcc/arm-none-eabi/10.2.0/../../../../arm-none-eabi/lib/thumb\libsysbase.a(malloc_vars.o)
                0x0000000003001c84                fake_heap_end
 .bss.fake_heap_start
                0x0000000003001c88        0x4 d:/devkitpro/devkitarm/bin/../lib/gcc/arm-none-eabi/10.2.0/../../../../arm-none-eabi/lib/thumb\libsysbase.a(malloc_vars.o)
                0x0000000003001c88                fake_heap_start
 .bss.__syscalls
                0x0000000003001c8c       0x48 d:/devkitpro/devkitarm/bin/../lib/gcc/arm-none-eabi/10.2.0/../../../../arm-none-eabi/lib/thumb\libsysbase.a(syscall_support.o)
                0x0000000003001c8c                __syscalls
 *(COMMON)
 COMMON         0x0000000003001cd4       0x78 D:/devkitPro/libgba/lib\libgba.a(interrupt.o)
                0x0000000003001cd4                IntrTable
                0x0000000003001d4c                . = ALIGN (0x4)
                0x0000000003001d4c                __bss_end__ = ABSOLUTE (.)

.data           0x0000000003001d4c     0x1abc load address 0x000000000806d680
                0x0000000003001d4c                __data_start__ = ABSOLUTE (.)
 *(.data*)
 .data          0x0000000003001d4c        0x3 D:/devkitPro/libgba/lib\libgba.a(input.o)
 *fill*         0x0000000003001d4f        0x1 ff
 .data.__malloc_av_
                0x0000000003001d50      0x408 d:/devkitpro/devkitarm/bin/../lib/gcc/arm-none-eabi/10.2.0/../../../../arm-none-eabi/lib/thumb\libg.a(lib_a-mallocr.o)
                0x0000000003001d50                __malloc_av_
 .data.__malloc_sbrk_base
                0x0000000003002158        0x4 d:/devkitpro/devkitarm/bin/../lib/gcc/arm-none-eabi/10.2.0/../../../../arm-none-eabi/lib/thumb\libg.a(lib_a-mallocr.o)
                0x0000000003002158                __malloc_sbrk_base
 .data.__malloc_trim_threshold
                0x000000000300215c        0x4 d:/devkitpro/devkitarm/bin/../lib/gcc/arm-none-eabi/10.2.0/../../../../arm-none-eabi/lib/thumb\libg.a(lib_a-mallocr.o)
                0x000000000300215c                __malloc_trim_threshold
 .data.__malloc_recursive_mutex
                0x0000000003002160        0xc d:/devkitpro/devkitarm/bin/../lib/gcc/arm-none-eabi/10.2.0/../../../../arm-none-eabi/lib/thumb\libg.a(lib_a-mlock.o)
 .data.__sfp_recursive_mutex
                0x000000000300216c        0xc d:/devkitpro/devkitarm/bin/../lib/gcc/arm-none-eabi/10.2.0/../../../../arm-none-eabi/lib/thumb\libg.a(lib_a-findfp.o)
 .data.__sinit_recursive_mutex
                0x0000000003002178        0xc d:/devkitpro/devkitarm/bin/../lib/gcc/arm-none-eabi/10.2.0/../../../../arm-none-eabi/lib/thumb\libg.a(lib_a-findfp.o)
 .data._impure_ptr
                0x0000000003002184        0x4 d:/devkitpro/devkitarm/bin/../lib/gcc/arm-none-eabi/10.2.0/../../../../arm-none-eabi/lib/thumb\libg.a(lib_a-impure.o)
                0x0000000003002184                _impure_ptr
 .data.impure_data
                0x0000000003002188      0x460 d:/devkitpro/devkitarm/bin/../lib/gcc/arm-none-eabi/10.2.0/../../../../arm-none-eabi/lib/thumb\libg.a(lib_a-impure.o)
 .data.__global_locale
                0x00000000030025e8      0x16c d:/devkitpro/devkitarm/bin/../lib/gcc/arm-none-eabi/10.2.0/../../../../arm-none-eabi/lib/thumb\libg.a(lib_a-locale.o)
                0x00000000030025e8                __global_locale
 .data.devoptab_list
                0x0000000003002754       0x8c d:/devkitpro/devkitarm/bin/../lib/gcc/arm-none-eabi/10.2.0/../../../../arm-none-eabi/lib/thumb\libsysbase.a(iosupport.o)
                0x0000000003002754                devoptab_list
 .data.__hndl_lock
                0x00000000030027e0        0x4 d:/devkitpro/devkitarm/bin/../lib/gcc/arm-none-eabi/10.2.0/../../../../arm-none-eabi/lib/thumb\libsysbase.a(handle_manager.o)
 .data.__stderr_handle
                0x00000000030027e4        0xc d:/devkitpro/devkitarm/bin/../lib/gcc/arm-none-eabi/10.2.0/../../../../arm-none-eabi/lib/thumb\libsysbase.a(handle_manager.o)
 .data.__stdin_handle
                0x00000000030027f0        0xc d:/devkitpro/devkitarm/bin/../lib/gcc/arm-none-eabi/10.2.0/../../../../arm-none-eabi/lib/thumb\libsysbase.a(handle_manager.o)
 .data.__stdout_handle
                0x00000000030027fc        0xc d:/devkitpro/devkitarm/bin/../lib/gcc/arm-none-eabi/10.2.0/../../../../arm-none-eabi/lib/thumb\libsysbase.a(handle_manager.o)
 .data.handles  0x0000000003002808     0x1000 d:/devkitpro/devkitarm/bin/../lib/gcc/arm-none-eabi/10.2.0/../../../../arm-none-eabi/lib/thumb\libsysbase.a(handle_manager.o)
 *(.gnu.linkonce.d*)
                0x0000000003003808                . = ALIGN (0x4)
                0x000000000806f13c                __preinit_lma = (__data_lma + SIZEOF (.data))

.igot.plt       0x0000000003003808        0x0 load address 0x000000000806f13c
 .igot.plt      0x0000000003003808        0x0 d:/devkitpro/devkitarm/bin/../lib/gcc/arm-none-eabi/10.2.0/../../../../arm-none-eabi/lib/thumb/gba_crt0.o

.preinit_array  0x0000000003003808        0x0 load address 0x000000000806f13c
                0x0000000003003808                __preinit_array_start = ABSOLUTE (.)
 *(.preinit_array)
                0x0000000003003808                __preinit_array_end = ABSOLUTE (.)
                0x000000000806f13c                __init_lma = (__preinit_lma + SIZEOF (.preinit_array))

.init_array     0x0000000003003808        0x4 load address 0x000000000806f13c
                0x0000000003003808                __init_array_start = ABSOLUTE (.)
 *(SORT_BY_NAME(.init_array.*))
 *(.init_array)
 .init_array    0x0000000003003808        0x4 d:/devkitpro/devkitarm/bin/../lib/gcc/arm-none-eabi/10.2.0/thumb/crtbegin.o
                0x000000000300380c                __init_array_end = ABSOLUTE (.)
                0x000000000806f140                __fini_lma = (__init_lma + SIZEOF (.init_array))

.fini_array     0x000000000300380c        0x4 load address 0x000000000806f140
                0x000000000300380c                __fini_array_start = ABSOLUTE (.)
 *(SORT_BY_NAME(.fini_array.*))
 *(.fini_array)
 .fini_array    0x000000000300380c        0x4 d:/devkitpro/devkitarm/bin/../lib/gcc/arm-none-eabi/10.2.0/thumb/crtbegin.o
                0x0000000003003810                __fini_array_end = ABSOLUTE (.)
                0x000000000806f144                __jcr_lma = (__fini_lma + SIZEOF (.fini_array))

.jcr            0x0000000003003810        0x0 load address 0x000000000806f144
 *(.jcr)
                0x0000000003003810                __data_end__ = ABSOLUTE (.)
                0x000000000806f144                __iwram_overlay_lma = (__jcr_lma + SIZEOF (.jcr))
                0x0000000003003810                __iwram_overlay_start = .

.iwram0         0x0000000003003810        0x0 load address 0x000000000806f144
 *(.iwram0)
                0x0000000003003810                . = ALIGN (0x4)
                0x000000000806f144                PROVIDE (__load_start_iwram0 = LOADADDR (.iwram0))
                0x000000000806f144                PROVIDE (__load_stop_iwram0 = (LOADADDR (.iwram0) + SIZEOF (.iwram0)))

.iwram1         0x0000000003003810        0x0
 *(.iwram1)
                0x0000000003003810                . = ALIGN (0x4)
                [!provide]                        PROVIDE (__load_start_iwram1 = LOADADDR (.iwram1))
                [!provide]                        PROVIDE (__load_stop_iwram1 = (LOADADDR (.iwram1) + SIZEOF (.iwram1)))

.iwram2         0x0000000003003810        0x0
 *(.iwram2)
                0x0000000003003810                . = ALIGN (0x4)
                [!provide]                        PROVIDE (__load_start_iwram2 = LOADADDR (.iwram2))
                [!provide]                        PROVIDE (__load_stop_iwram2 = (LOADADDR (.iwram2) + SIZEOF (.iwram2)))

.iwram3         0x0000000003003810        0x0
 *(.iwram3)
                0x0000000003003810                . = ALIGN (0x4)
                [!provide]                        PROVIDE (__load_start_iwram3 = LOADADDR (.iwram3))
                [!provide]                        PROVIDE (__load_stop_iwram3 = (LOADADDR (.iwram3) + SIZEOF (.iwram3)))

.iwram4         0x0000000003003810        0x0
 *(.iwram4)
                0x0000000003003810                . = ALIGN (0x4)
                [!provide]                        PROVIDE (__load_start_iwram4 = LOADADDR (.iwram4))
                [!provide]                        PROVIDE (__load_stop_iwram4 = (LOADADDR (.iwram4) + SIZEOF (.iwram4)))

.iwram5         0x0000000003003810        0x0
 *(.iwram5)
                0x0000000003003810                . = ALIGN (0x4)
                [!provide]                        PROVIDE (__load_start_iwram5 = LOADADDR (.iwram5))
                [!provide]                        PROVIDE (__load_stop_iwram5 = (LOADADDR (.iwram5) + SIZEOF (.iwram5)))

.iwram6         0x0000000003003810        0x0
 *(.iwram6)
                0x0000000003003810                . = ALIGN (0x4)
                [!provide]                        PROVIDE (__load_start_iwram6 = LOADADDR (.iwram6))
                [!provide]                        PROVIDE (__load_stop_iwram6 = (LOADADDR (.iwram6) + SIZEOF (.iwram6)))

.iwram7         0x0000000003003810        0x0
 *(.iwram7)
                0x0000000003003810                . = ALIGN (0x4)
                [!provide]                        PROVIDE (__load_start_iwram7 = LOADADDR (.iwram7))
                [!provide]                        PROVIDE (__load_stop_iwram7 = (LOADADDR (.iwram7) + SIZEOF (.iwram7)))

.iwram8         0x0000000003003810        0x0
 *(.iwram8)
                0x0000000003003810                . = ALIGN (0x4)
                [!provide]                        PROVIDE (__load_start_iwram8 = LOADADDR (.iwram8))
                [!provide]                        PROVIDE (__load_stop_iwram8 = (LOADADDR (.iwram8) + SIZEOF (.iwram8)))

.iwram9         0x0000000003003810        0x0
 *(.iwram9)
                0x0000000003003810                . = ALIGN (0x4)
                [!provide]                        PROVIDE (__load_start_iwram9 = LOADADDR (.iwram9))
                [!provide]                        PROVIDE (__load_stop_iwram9 = (LOADADDR (.iwram9) + SIZEOF (.iwram9)))
                0x0000000003003810                __iwram_overlay_end = .
                0x000000000806f144                __ewram_lma = (__iwram_overlay_lma + (__iwram_overlay_end - __iwram_overlay_start))
                0x0000000003003810                __iheap_start = .
                0x0000000002000000                __ewram_start = ORIGIN (ewram)

.ewram          0x0000000002000000        0x0 load address 0x000000000806f144
 *(.ewram*)
                0x0000000002000000                . = ALIGN (0x4)
                0x0000000002000000                __ewram_end = ABSOLUTE (.)
                0x000000000806f144                __pad_lma = (__ewram_lma + SIZEOF (.ewram))

.sbss           0x0000000002000000        0x0
                0x0000000002000000                __sbss_start__ = ABSOLUTE (.)
 *(.sbss*)
                0x0000000002000000                . = ALIGN (0x4)
                0x0000000002000000                __sbss_end__ = ABSOLUTE (.)
                0x0000000002000000                __end__ = ABSOLUTE (.)
                0x0000000002000000                __eheap_start = ABSOLUTE (.)

.pad            0x0000000002000000        0x8 load address 0x000000000806f144
                0x0000000002000000        0x4 LONG 0x52416b64
                0x0000000002000004        0x4 LONG 0x4d
                0x0000000002000008                . = ALIGN (0x4)
                0x000000000806f14c                __rom_end__ = (__pad_lma + SIZEOF (.pad))

.stab
 *(.stab)

.stabstr
 *(.stabstr)

.stab.excl
 *(.stab.excl)

.stab.exclstr
 *(.stab.exclstr)

.stab.index
 *(.stab.index)

.stab.indexstr
 *(.stab.indexstr)

.comment        0x0000000000000000       0x45
 *(.comment)
 .comment       0x0000000000000000       0x23 d:/devkitpro/devkitarm/bin/../lib/gcc/arm-none-eabi/10.2.0/thumb/crtbegin.o
                                         0x24 (size before relaxing)
 .comment       0x0000000000000023       0x24 MaxModExample.o
 .comment       0x0000000000000023       0x22 D:/devkitPro/libgba/lib\libgba.a(interrupt.o)
                                         0x23 (size before relaxing)
 .comment       0x0000000000000045       0x23 D:/devkitPro/libgba/lib\libgba.a(console.o)
 .comment       0x0000000000000045       0x23 D:/devkitPro/libgba/lib\libgba.a(input.o)
 .comment       0x0000000000000045       0x23 D:/devkitPro/libgba/lib\libgba.a(CpuSet.o)
 .comment       0x0000000000000045       0x24 d:/devkitpro/devkitarm/bin/../lib/gcc/arm-none-eabi/10.2.0/../../../../arm-none-eabi/lib/thumb\libg.a(lib_a-init.o)
 .comment       0x0000000000000045       0x24 d:/devkitpro/devkitarm/bin/../lib/gcc/arm-none-eabi/10.2.0/../../../../arm-none-eabi/lib/thumb\libg.a(lib_a-malloc.o)
 .comment       0x0000000000000045       0x24 d:/devkitpro/devkitarm/bin/../lib/gcc/arm-none-eabi/10.2.0/../../../../arm-none-eabi/lib/thumb\libg.a(lib_a-mallocr.o)
 .comment       0x0000000000000045       0x24 d:/devkitpro/devkitarm/bin/../lib/gcc/arm-none-eabi/10.2.0/../../../../arm-none-eabi/lib/thumb\libg.a(lib_a-mlock.o)
 .comment       0x0000000000000045       0x24 d:/devkitpro/devkitarm/bin/../lib/gcc/arm-none-eabi/10.2.0/../../../../arm-none-eabi/lib/thumb\libg.a(lib_a-setvbuf.o)
 .comment       0x0000000000000045       0x24 d:/devkitpro/devkitarm/bin/../lib/gcc/arm-none-eabi/10.2.0/../../../../arm-none-eabi/lib/thumb\libg.a(lib_a-siscanf.o)
 .comment       0x0000000000000045       0x24 d:/devkitpro/devkitarm/bin/../lib/gcc/arm-none-eabi/10.2.0/../../../../arm-none-eabi/lib/thumb\libg.a(lib_a-stdio.o)
 .comment       0x0000000000000045       0x24 d:/devkitpro/devkitarm/bin/../lib/gcc/arm-none-eabi/10.2.0/../../../../arm-none-eabi/lib/thumb\libg.a(lib_a-strlen-stub.o)
 .comment       0x0000000000000045       0x24 d:/devkitpro/devkitarm/bin/../lib/gcc/arm-none-eabi/10.2.0/../../../../arm-none-eabi/lib/thumb\libg.a(lib_a-svfiscanf.o)
 .comment       0x0000000000000045       0x24 d:/devkitpro/devkitarm/bin/../lib/gcc/arm-none-eabi/10.2.0/../../../../arm-none-eabi/lib/thumb\libg.a(lib_a-ungetc.o)
 .comment       0x0000000000000045       0x24 d:/devkitpro/devkitarm/bin/../lib/gcc/arm-none-eabi/10.2.0/../../../../arm-none-eabi/lib/thumb\libg.a(lib_a-ctype_.o)
 .comment       0x0000000000000045       0x24 d:/devkitpro/devkitarm/bin/../lib/gcc/arm-none-eabi/10.2.0/../../../../arm-none-eabi/lib/thumb\libg.a(lib_a-fflush.o)
 .comment       0x0000000000000045       0x24 d:/devkitpro/devkitarm/bin/../lib/gcc/arm-none-eabi/10.2.0/../../../../arm-none-eabi/lib/thumb\libg.a(lib_a-findfp.o)
 .comment       0x0000000000000045       0x24 d:/devkitpro/devkitarm/bin/../lib/gcc/arm-none-eabi/10.2.0/../../../../arm-none-eabi/lib/thumb\libg.a(lib_a-freer.o)
 .comment       0x0000000000000045       0x24 d:/devkitpro/devkitarm/bin/../lib/gcc/arm-none-eabi/10.2.0/../../../../arm-none-eabi/lib/thumb\libg.a(lib_a-fwalk.o)
 .comment       0x0000000000000045       0x24 d:/devkitpro/devkitarm/bin/../lib/gcc/arm-none-eabi/10.2.0/../../../../arm-none-eabi/lib/thumb\libg.a(lib_a-impure.o)
 .comment       0x0000000000000045       0x24 d:/devkitpro/devkitarm/bin/../lib/gcc/arm-none-eabi/10.2.0/../../../../arm-none-eabi/lib/thumb\libg.a(lib_a-iswspace.o)
 .comment       0x0000000000000045       0x24 d:/devkitpro/devkitarm/bin/../lib/gcc/arm-none-eabi/10.2.0/../../../../arm-none-eabi/lib/thumb\libg.a(lib_a-locale.o)
 .comment       0x0000000000000045       0x24 d:/devkitpro/devkitarm/bin/../lib/gcc/arm-none-eabi/10.2.0/../../../../arm-none-eabi/lib/thumb\libg.a(lib_a-makebuf.o)
 .comment       0x0000000000000045       0x24 d:/devkitpro/devkitarm/bin/../lib/gcc/arm-none-eabi/10.2.0/../../../../arm-none-eabi/lib/thumb\libg.a(lib_a-mbrtowc.o)
 .comment       0x0000000000000045       0x24 d:/devkitpro/devkitarm/bin/../lib/gcc/arm-none-eabi/10.2.0/../../../../arm-none-eabi/lib/thumb\libg.a(lib_a-mbtowc_r.o)
 .comment       0x0000000000000045       0x24 d:/devkitpro/devkitarm/bin/../lib/gcc/arm-none-eabi/10.2.0/../../../../arm-none-eabi/lib/thumb\libg.a(lib_a-memcpy-stub.o)
 .comment       0x0000000000000045       0x24 d:/devkitpro/devkitarm/bin/../lib/gcc/arm-none-eabi/10.2.0/../../../../arm-none-eabi/lib/thumb\libg.a(lib_a-memset.o)
 .comment       0x0000000000000045       0x24 d:/devkitpro/devkitarm/bin/../lib/gcc/arm-none-eabi/10.2.0/../../../../arm-none-eabi/lib/thumb\libg.a(lib_a-realloc.o)
 .comment       0x0000000000000045       0x24 d:/devkitpro/devkitarm/bin/../lib/gcc/arm-none-eabi/10.2.0/../../../../arm-none-eabi/lib/thumb\libg.a(lib_a-reallocr.o)
 .comment       0x0000000000000045       0x24 d:/devkitpro/devkitarm/bin/../lib/gcc/arm-none-eabi/10.2.0/../../../../arm-none-eabi/lib/thumb\libg.a(lib_a-sccl.o)
 .comment       0x0000000000000045       0x24 d:/devkitpro/devkitarm/bin/../lib/gcc/arm-none-eabi/10.2.0/../../../../arm-none-eabi/lib/thumb\libg.a(lib_a-strtoll.o)
 .comment       0x0000000000000045       0x24 d:/devkitpro/devkitarm/bin/../lib/gcc/arm-none-eabi/10.2.0/../../../../arm-none-eabi/lib/thumb\libg.a(lib_a-strtol.o)
 .comment       0x0000000000000045       0x24 d:/devkitpro/devkitarm/bin/../lib/gcc/arm-none-eabi/10.2.0/../../../../arm-none-eabi/lib/thumb\libg.a(lib_a-strtoull.o)
 .comment       0x0000000000000045       0x24 d:/devkitpro/devkitarm/bin/../lib/gcc/arm-none-eabi/10.2.0/../../../../arm-none-eabi/lib/thumb\libg.a(lib_a-strtoul.o)
 .comment       0x0000000000000045       0x24 d:/devkitpro/devkitarm/bin/../lib/gcc/arm-none-eabi/10.2.0/../../../../arm-none-eabi/lib/thumb\libg.a(lib_a-wctomb_r.o)
 .comment       0x0000000000000045       0x24 d:/devkitpro/devkitarm/bin/../lib/gcc/arm-none-eabi/10.2.0/../../../../arm-none-eabi/lib/thumb\libg.a(lib_a-errno.o)
 .comment       0x0000000000000045       0x24 d:/devkitpro/devkitarm/bin/../lib/gcc/arm-none-eabi/10.2.0/../../../../arm-none-eabi/lib/thumb\libg.a(lib_a-fclose.o)
 .comment       0x0000000000000045       0x24 d:/devkitpro/devkitarm/bin/../lib/gcc/arm-none-eabi/10.2.0/../../../../arm-none-eabi/lib/thumb\libg.a(lib_a-iswspace_l.o)
 .comment       0x0000000000000045       0x24 d:/devkitpro/devkitarm/bin/../lib/gcc/arm-none-eabi/10.2.0/../../../../arm-none-eabi/lib/thumb\libg.a(lib_a-jp2uc.o)
 .comment       0x0000000000000045       0x24 d:/devkitpro/devkitarm/bin/../lib/gcc/arm-none-eabi/10.2.0/../../../../arm-none-eabi/lib/thumb\libg.a(lib_a-memmove.o)
 .comment       0x0000000000000045       0x24 d:/devkitpro/devkitarm/bin/../lib/gcc/arm-none-eabi/10.2.0/../../../../arm-none-eabi/lib/thumb\libg.a(lib_a-categories.o)
 .comment       0x0000000000000045       0x24 d:/devkitpro/devkitarm/bin/../lib/gcc/arm-none-eabi/10.2.0/../../../../arm-none-eabi/lib/thumb\libsysbase.a(iosupport.o)
 .comment       0x0000000000000045       0x24 d:/devkitpro/devkitarm/bin/../lib/gcc/arm-none-eabi/10.2.0/../../../../arm-none-eabi/lib/thumb\libsysbase.a(fstat.o)
 .comment       0x0000000000000045       0x24 d:/devkitpro/devkitarm/bin/../lib/gcc/arm-none-eabi/10.2.0/../../../../arm-none-eabi/lib/thumb\libsysbase.a(lseek.o)
 .comment       0x0000000000000045       0x24 d:/devkitpro/devkitarm/bin/../lib/gcc/arm-none-eabi/10.2.0/../../../../arm-none-eabi/lib/thumb\libsysbase.a(read.o)
 .comment       0x0000000000000045       0x24 d:/devkitpro/devkitarm/bin/../lib/gcc/arm-none-eabi/10.2.0/../../../../arm-none-eabi/lib/thumb\libsysbase.a(sbrk.o)
 .comment       0x0000000000000045       0x24 d:/devkitpro/devkitarm/bin/../lib/gcc/arm-none-eabi/10.2.0/../../../../arm-none-eabi/lib/thumb\libsysbase.a(write.o)
 .comment       0x0000000000000045       0x24 d:/devkitpro/devkitarm/bin/../lib/gcc/arm-none-eabi/10.2.0/../../../../arm-none-eabi/lib/thumb\libsysbase.a(malloc_vars.o)
 .comment       0x0000000000000045       0x24 d:/devkitpro/devkitarm/bin/../lib/gcc/arm-none-eabi/10.2.0/../../../../arm-none-eabi/lib/thumb\libsysbase.a(flock.o)
 .comment       0x0000000000000045       0x24 d:/devkitpro/devkitarm/bin/../lib/gcc/arm-none-eabi/10.2.0/../../../../arm-none-eabi/lib/thumb\libsysbase.a(syscall_support.o)
 .comment       0x0000000000000045       0x24 d:/devkitpro/devkitarm/bin/../lib/gcc/arm-none-eabi/10.2.0/../../../../arm-none-eabi/lib/thumb\libsysbase.a(handle_manager.o)
 .comment       0x0000000000000045       0x24 d:/devkitpro/devkitarm/bin/../lib/gcc/arm-none-eabi/10.2.0/../../../../arm-none-eabi/lib/thumb\libsysbase.a(getreent.o)
 .comment       0x0000000000000045       0x24 d:/devkitpro/devkitarm/bin/../lib/gcc/arm-none-eabi/10.2.0/thumb\libgcc.a(_muldi3.o)
 .comment       0x0000000000000045       0x24 d:/devkitpro/devkitarm/bin/../lib/gcc/arm-none-eabi/10.2.0/thumb\libgcc.a(_udivmoddi4.o)
 .comment       0x0000000000000045       0x24 d:/devkitpro/devkitarm/bin/../lib/gcc/arm-none-eabi/10.2.0/thumb/crtend.o

.debug
 *(.debug)

.line
 *(.line)

.debug_srcinfo
 *(.debug_srcinfo)

.debug_sfnames
 *(.debug_sfnames)

.debug_aranges  0x0000000000000000       0xc0
 *(.debug_aranges)
 .debug_aranges
                0x0000000000000000       0x20 MaxModExample.o
 .debug_aranges
                0x0000000000000020       0x20 D:/devkitPro/libgba/lib\libgba.a(interrupt.o)
 .debug_aranges
                0x0000000000000040       0x20 D:/devkitPro/libgba/lib\libgba.a(console.o)
 .debug_aranges
                0x0000000000000060       0x20 D:/devkitPro/libgba/lib\libgba.a(input.o)
 .debug_aranges
                0x0000000000000080       0x20 D:/devkitPro/libgba/lib\libgba.a(InterruptDispatcher.o)
 .debug_aranges
                0x00000000000000a0       0x20 D:/devkitPro/libgba/lib\libgba.a(CpuSet.o)

.debug_pubnames
 *(.debug_pubnames)

.debug_info     0x0000000000000000     0x2c4a
 *(.debug_info)
 .debug_info    0x0000000000000000      0x36a MaxModExample.o
 .debug_info    0x000000000000036a      0x41b D:/devkitPro/libgba/lib\libgba.a(interrupt.o)
 .debug_info    0x0000000000000785     0x20fd D:/devkitPro/libgba/lib\libgba.a(console.o)
 .debug_info    0x0000000000002882      0x267 D:/devkitPro/libgba/lib\libgba.a(input.o)
 .debug_info    0x0000000000002ae9       0x26 D:/devkitPro/libgba/lib\libgba.a(InterruptDispatcher.o)
 .debug_info    0x0000000000002b0f      0x13b D:/devkitPro/libgba/lib\libgba.a(CpuSet.o)

.debug_abbrev   0x0000000000000000      0xa40
 *(.debug_abbrev)
 .debug_abbrev  0x0000000000000000      0x186 MaxModExample.o
 .debug_abbrev  0x0000000000000186      0x1ee D:/devkitPro/libgba/lib\libgba.a(interrupt.o)
 .debug_abbrev  0x0000000000000374      0x4eb D:/devkitPro/libgba/lib\libgba.a(console.o)
 .debug_abbrev  0x000000000000085f      0x126 D:/devkitPro/libgba/lib\libgba.a(input.o)
 .debug_abbrev  0x0000000000000985       0x14 D:/devkitPro/libgba/lib\libgba.a(InterruptDispatcher.o)
 .debug_abbrev  0x0000000000000999       0xa7 D:/devkitPro/libgba/lib\libgba.a(CpuSet.o)

.debug_line     0x0000000000000000     0x172c
 *(.debug_line)
 .debug_line    0x0000000000000000      0x25f MaxModExample.o
 .debug_line    0x000000000000025f      0x5ae D:/devkitPro/libgba/lib\libgba.a(interrupt.o)
 .debug_line    0x000000000000080d      0xa72 D:/devkitPro/libgba/lib\libgba.a(console.o)
 .debug_line    0x000000000000127f      0x297 D:/devkitPro/libgba/lib\libgba.a(input.o)
 .debug_line    0x0000000000001516       0xb2 D:/devkitPro/libgba/lib\libgba.a(InterruptDispatcher.o)
 .debug_line    0x00000000000015c8      0x164 D:/devkitPro/libgba/lib\libgba.a(CpuSet.o)

.debug_frame    0x0000000000000000      0x28c
 *(.debug_frame)
 .debug_frame   0x0000000000000000       0x2c MaxModExample.o
 .debug_frame   0x000000000000002c       0xb0 D:/devkitPro/libgba/lib\libgba.a(interrupt.o)
 .debug_frame   0x00000000000000dc      0x100 D:/devkitPro/libgba/lib\libgba.a(console.o)
 .debug_frame   0x00000000000001dc       0x80 D:/devkitPro/libgba/lib\libgba.a(input.o)
 .debug_frame   0x000000000000025c       0x30 D:/devkitPro/libgba/lib\libgba.a(CpuSet.o)

.debug_str      0x0000000000000000     0x11fb
 *(.debug_str)
 .debug_str     0x0000000000000000      0x36b MaxModExample.o
                                        0x3b3 (size before relaxing)
 .debug_str     0x000000000000036b      0x1c5 D:/devkitPro/libgba/lib\libgba.a(interrupt.o)
                                        0x310 (size before relaxing)
 .debug_str     0x0000000000000530      0xb7b D:/devkitPro/libgba/lib\libgba.a(console.o)
                                        0xe18 (size before relaxing)
 .debug_str     0x00000000000010ab       0x96 D:/devkitPro/libgba/lib\libgba.a(input.o)
                                        0x21b (size before relaxing)
 .debug_str     0x0000000000001141       0x60 D:/devkitPro/libgba/lib\libgba.a(InterruptDispatcher.o)
                                         0xa0 (size before relaxing)
 .debug_str     0x00000000000011a1       0x5a D:/devkitPro/libgba/lib\libgba.a(CpuSet.o)
                                        0x18e (size before relaxing)

.debug_loc      0x0000000000000000     0x1976
 *(.debug_loc)
 .debug_loc     0x0000000000000000       0x1b MaxModExample.o
 .debug_loc     0x000000000000001b      0x446 D:/devkitPro/libgba/lib\libgba.a(interrupt.o)
 .debug_loc     0x0000000000000461     0x13f8 D:/devkitPro/libgba/lib\libgba.a(console.o)
 .debug_loc     0x0000000000001859       0x3f D:/devkitPro/libgba/lib\libgba.a(input.o)
 .debug_loc     0x0000000000001898       0xde D:/devkitPro/libgba/lib\libgba.a(CpuSet.o)

.debug_macinfo
 *(.debug_macinfo)

.debug_weaknames
 *(.debug_weaknames)

.debug_funcnames
 *(.debug_funcnames)

.debug_typenames
 *(.debug_typenames)

.debug_varnames
 *(.debug_varnames)

.stack          0x0000000000080000        0x0
                0x0000000000080000                _stack = .
 *(.stack)

.note.gnu.arm.ident
 *(.note.gnu.arm.ident)

.ARM.attributes
                0x0000000000000000       0x2c
 *(.ARM.attributes)
 .ARM.attributes
                0x0000000000000000       0x20 d:/devkitpro/devkitarm/bin/../lib/gcc/arm-none-eabi/10.2.0/../../../../arm-none-eabi/lib/thumb/gba_crt0.o
 .ARM.attributes
                0x0000000000000020       0x1c d:/devkitpro/devkitarm/bin/../lib/gcc/arm-none-eabi/10.2.0/thumb/crti.o
 .ARM.attributes
                0x000000000000003c       0x2a d:/devkitpro/devkitarm/bin/../lib/gcc/arm-none-eabi/10.2.0/thumb/crtbegin.o
 .ARM.attributes
                0x0000000000000066       0x14 soundbank.bin.o
 .ARM.attributes
                0x000000000000007a       0x26 MaxModExample.o
 .ARM.attributes
                0x00000000000000a0       0x1a D:/devkitPro/libgba/lib\libmm.a(mm_mas.o)
 .ARM.attributes
                0x00000000000000ba       0x1a D:/devkitPro/libgba/lib\libmm.a(mm_main.o)
 .ARM.attributes
                0x00000000000000d4       0x1a D:/devkitPro/libgba/lib\libmm.a(mm_effect.o)
 .ARM.attributes
                0x00000000000000ee       0x1a D:/devkitPro/libgba/lib\libmm.a(mm_mas_arm.o)
 .ARM.attributes
                0x0000000000000108       0x1a D:/devkitPro/libgba/lib\libmm.a(mm_mixer_gba.o)
 .ARM.attributes
                0x0000000000000122       0x1a D:/devkitPro/libgba/lib\libmm.a(mm_init_default.o)
 .ARM.attributes
                0x000000000000013c       0x2a D:/devkitPro/libgba/lib\libgba.a(interrupt.o)
 .ARM.attributes
                0x0000000000000166       0x2a D:/devkitPro/libgba/lib\libgba.a(console.o)
 .ARM.attributes
                0x0000000000000190       0x2a D:/devkitPro/libgba/lib\libgba.a(input.o)
 .ARM.attributes
                0x00000000000001ba       0x1a D:/devkitPro/libgba/lib\libgba.a(InterruptDispatcher.o)
 .ARM.attributes
                0x00000000000001d4       0x14 D:/devkitPro/libgba/lib\libgba.a(amiga.fnt.o)
 .ARM.attributes
                0x00000000000001e8       0x2a D:/devkitPro/libgba/lib\libgba.a(CpuSet.o)
 .ARM.attributes
                0x0000000000000212       0x1c d:/devkitpro/devkitarm/bin/../lib/gcc/arm-none-eabi/10.2.0/thumb\libgcc.a(_call_via_rX.o)
 .ARM.attributes
                0x000000000000022e       0x2a d:/devkitpro/devkitarm/bin/../lib/gcc/arm-none-eabi/10.2.0/../../../../arm-none-eabi/lib/thumb\libg.a(lib_a-init.o)
 .ARM.attributes
                0x0000000000000258       0x2a d:/devkitpro/devkitarm/bin/../lib/gcc/arm-none-eabi/10.2.0/../../../../arm-none-eabi/lib/thumb\libg.a(lib_a-malloc.o)
 .ARM.attributes
                0x0000000000000282       0x2a d:/devkitpro/devkitarm/bin/../lib/gcc/arm-none-eabi/10.2.0/../../../../arm-none-eabi/lib/thumb\libg.a(lib_a-mallocr.o)
 .ARM.attributes
                0x00000000000002ac       0x2a d:/devkitpro/devkitarm/bin/../lib/gcc/arm-none-eabi/10.2.0/../../../../arm-none-eabi/lib/thumb\libg.a(lib_a-mlock.o)
 .ARM.attributes
                0x00000000000002d6       0x2a d:/devkitpro/devkitarm/bin/../lib/gcc/arm-none-eabi/10.2.0/../../../../arm-none-eabi/lib/thumb\libg.a(lib_a-setvbuf.o)
 .ARM.attributes
                0x0000000000000300       0x2a d:/devkitpro/devkitarm/bin/../lib/gcc/arm-none-eabi/10.2.0/../../../../arm-none-eabi/lib/thumb\libg.a(lib_a-siscanf.o)
 .ARM.attributes
                0x000000000000032a       0x2a d:/devkitpro/devkitarm/bin/../lib/gcc/arm-none-eabi/10.2.0/../../../../arm-none-eabi/lib/thumb\libg.a(lib_a-stdio.o)
 .ARM.attributes
                0x0000000000000354       0x2a d:/devkitpro/devkitarm/bin/../lib/gcc/arm-none-eabi/10.2.0/../../../../arm-none-eabi/lib/thumb\libg.a(lib_a-strlen-stub.o)
 .ARM.attributes
                0x000000000000037e       0x2a d:/devkitpro/devkitarm/bin/../lib/gcc/arm-none-eabi/10.2.0/../../../../arm-none-eabi/lib/thumb\libg.a(lib_a-svfiscanf.o)
 .ARM.attributes
                0x00000000000003a8       0x2a d:/devkitpro/devkitarm/bin/../lib/gcc/arm-none-eabi/10.2.0/../../../../arm-none-eabi/lib/thumb\libg.a(lib_a-ungetc.o)
 .ARM.attributes
                0x00000000000003d2       0x2a d:/devkitpro/devkitarm/bin/../lib/gcc/arm-none-eabi/10.2.0/../../../../arm-none-eabi/lib/thumb\libg.a(lib_a-ctype_.o)
 .ARM.attributes
                0x00000000000003fc       0x2a d:/devkitpro/devkitarm/bin/../lib/gcc/arm-none-eabi/10.2.0/../../../../arm-none-eabi/lib/thumb\libg.a(lib_a-fflush.o)
 .ARM.attributes
                0x0000000000000426       0x2a d:/devkitpro/devkitarm/bin/../lib/gcc/arm-none-eabi/10.2.0/../../../../arm-none-eabi/lib/thumb\libg.a(lib_a-findfp.o)
 .ARM.attributes
                0x0000000000000450       0x2a d:/devkitpro/devkitarm/bin/../lib/gcc/arm-none-eabi/10.2.0/../../../../arm-none-eabi/lib/thumb\libg.a(lib_a-freer.o)
 .ARM.attributes
                0x000000000000047a       0x2a d:/devkitpro/devkitarm/bin/../lib/gcc/arm-none-eabi/10.2.0/../../../../arm-none-eabi/lib/thumb\libg.a(lib_a-fwalk.o)
 .ARM.attributes
                0x00000000000004a4       0x30 d:/devkitpro/devkitarm/bin/../lib/gcc/arm-none-eabi/10.2.0/../../../../arm-none-eabi/lib/thumb\libg.a(lib_a-impure.o)
 .ARM.attributes
                0x00000000000004d4       0x2a d:/devkitpro/devkitarm/bin/../lib/gcc/arm-none-eabi/10.2.0/../../../../arm-none-eabi/lib/thumb\libg.a(lib_a-iswspace.o)
 .ARM.attributes
                0x00000000000004fe       0x2a d:/devkitpro/devkitarm/bin/../lib/gcc/arm-none-eabi/10.2.0/../../../../arm-none-eabi/lib/thumb\libg.a(lib_a-locale.o)
 .ARM.attributes
                0x0000000000000528       0x2a d:/devkitpro/devkitarm/bin/../lib/gcc/arm-none-eabi/10.2.0/../../../../arm-none-eabi/lib/thumb\libg.a(lib_a-makebuf.o)
 .ARM.attributes
                0x0000000000000552       0x2a d:/devkitpro/devkitarm/bin/../lib/gcc/arm-none-eabi/10.2.0/../../../../arm-none-eabi/lib/thumb\libg.a(lib_a-mbrtowc.o)
 .ARM.attributes
                0x000000000000057c       0x2a d:/devkitpro/devkitarm/bin/../lib/gcc/arm-none-eabi/10.2.0/../../../../arm-none-eabi/lib/thumb\libg.a(lib_a-mbtowc_r.o)
 .ARM.attributes
                0x00000000000005a6       0x2a d:/devkitpro/devkitarm/bin/../lib/gcc/arm-none-eabi/10.2.0/../../../../arm-none-eabi/lib/thumb\libg.a(lib_a-memcpy-stub.o)
 .ARM.attributes
                0x00000000000005d0       0x2a d:/devkitpro/devkitarm/bin/../lib/gcc/arm-none-eabi/10.2.0/../../../../arm-none-eabi/lib/thumb\libg.a(lib_a-memset.o)
 .ARM.attributes
                0x00000000000005fa       0x2a d:/devkitpro/devkitarm/bin/../lib/gcc/arm-none-eabi/10.2.0/../../../../arm-none-eabi/lib/thumb\libg.a(lib_a-realloc.o)
 .ARM.attributes
                0x0000000000000624       0x2a d:/devkitpro/devkitarm/bin/../lib/gcc/arm-none-eabi/10.2.0/../../../../arm-none-eabi/lib/thumb\libg.a(lib_a-reallocr.o)
 .ARM.attributes
                0x000000000000064e       0x2a d:/devkitpro/devkitarm/bin/../lib/gcc/arm-none-eabi/10.2.0/../../../../arm-none-eabi/lib/thumb\libg.a(lib_a-sccl.o)
 .ARM.attributes
                0x0000000000000678       0x2a d:/devkitpro/devkitarm/bin/../lib/gcc/arm-none-eabi/10.2.0/../../../../arm-none-eabi/lib/thumb\libg.a(lib_a-strcasecmp.o)
 .ARM.attributes
                0x00000000000006a2       0x2a d:/devkitpro/devkitarm/bin/../lib/gcc/arm-none-eabi/10.2.0/../../../../arm-none-eabi/lib/thumb\libg.a(lib_a-strcat.o)
 .ARM.attributes
                0x00000000000006cc       0x2a d:/devkitpro/devkitarm/bin/../lib/gcc/arm-none-eabi/10.2.0/../../../../arm-none-eabi/lib/thumb\libg.a(lib_a-strchr.o)
 .ARM.attributes
                0x00000000000006f6       0x1a d:/devkitpro/devkitarm/bin/../lib/gcc/arm-none-eabi/10.2.0/../../../../arm-none-eabi/lib/thumb\libg.a(lib_a-strcmp.o)
 .ARM.attributes
                0x0000000000000710       0x2a d:/devkitpro/devkitarm/bin/../lib/gcc/arm-none-eabi/10.2.0/../../../../arm-none-eabi/lib/thumb\libg.a(lib_a-strcpy.o)
 .ARM.attributes
                0x000000000000073a       0x2a d:/devkitpro/devkitarm/bin/../lib/gcc/arm-none-eabi/10.2.0/../../../../arm-none-eabi/lib/thumb\libg.a(lib_a-strlcpy.o)
 .ARM.attributes
                0x0000000000000764       0x2a d:/devkitpro/devkitarm/bin/../lib/gcc/arm-none-eabi/10.2.0/../../../../arm-none-eabi/lib/thumb\libg.a(lib_a-strncasecmp.o)
 .ARM.attributes
                0x000000000000078e       0x2a d:/devkitpro/devkitarm/bin/../lib/gcc/arm-none-eabi/10.2.0/../../../../arm-none-eabi/lib/thumb\libg.a(lib_a-strncmp.o)
 .ARM.attributes
                0x00000000000007b8       0x2a d:/devkitpro/devkitarm/bin/../lib/gcc/arm-none-eabi/10.2.0/../../../../arm-none-eabi/lib/thumb\libg.a(lib_a-strncpy.o)
 .ARM.attributes
                0x00000000000007e2       0x2a d:/devkitpro/devkitarm/bin/../lib/gcc/arm-none-eabi/10.2.0/../../../../arm-none-eabi/lib/thumb\libg.a(lib_a-strtoll.o)
 .ARM.attributes
                0x000000000000080c       0x2a d:/devkitpro/devkitarm/bin/../lib/gcc/arm-none-eabi/10.2.0/../../../../arm-none-eabi/lib/thumb\libg.a(lib_a-strtol.o)
 .ARM.attributes
                0x0000000000000836       0x2a d:/devkitpro/devkitarm/bin/../lib/gcc/arm-none-eabi/10.2.0/../../../../arm-none-eabi/lib/thumb\libg.a(lib_a-strtoull.o)
 .ARM.attributes
                0x0000000000000860       0x2a d:/devkitpro/devkitarm/bin/../lib/gcc/arm-none-eabi/10.2.0/../../../../arm-none-eabi/lib/thumb\libg.a(lib_a-strtoul.o)
 .ARM.attributes
                0x000000000000088a       0x2a d:/devkitpro/devkitarm/bin/../lib/gcc/arm-none-eabi/10.2.0/../../../../arm-none-eabi/lib/thumb\libg.a(lib_a-wctomb_r.o)
 .ARM.attributes
                0x00000000000008b4       0x2a d:/devkitpro/devkitarm/bin/../lib/gcc/arm-none-eabi/10.2.0/../../../../arm-none-eabi/lib/thumb\libg.a(lib_a-errno.o)
 .ARM.attributes
                0x00000000000008de       0x2a d:/devkitpro/devkitarm/bin/../lib/gcc/arm-none-eabi/10.2.0/../../../../arm-none-eabi/lib/thumb\libg.a(lib_a-fclose.o)
 .ARM.attributes
                0x0000000000000908       0x2a d:/devkitpro/devkitarm/bin/../lib/gcc/arm-none-eabi/10.2.0/../../../../arm-none-eabi/lib/thumb\libg.a(lib_a-getenv_r.o)
 .ARM.attributes
                0x0000000000000932       0x2a d:/devkitpro/devkitarm/bin/../lib/gcc/arm-none-eabi/10.2.0/../../../../arm-none-eabi/lib/thumb\libg.a(lib_a-iswspace_l.o)
 .ARM.attributes
                0x000000000000095c       0x2a d:/devkitpro/devkitarm/bin/../lib/gcc/arm-none-eabi/10.2.0/../../../../arm-none-eabi/lib/thumb\libg.a(lib_a-jp2uc.o)
 .ARM.attributes
                0x0000000000000986       0x2a d:/devkitpro/devkitarm/bin/../lib/gcc/arm-none-eabi/10.2.0/../../../../arm-none-eabi/lib/thumb\libg.a(lib_a-memmove.o)
 .ARM.attributes
                0x00000000000009b0       0x2a d:/devkitpro/devkitarm/bin/../lib/gcc/arm-none-eabi/10.2.0/../../../../arm-none-eabi/lib/thumb\libg.a(lib_a-categories.o)
 .ARM.attributes
                0x00000000000009da       0x30 d:/devkitpro/devkitarm/bin/../lib/gcc/arm-none-eabi/10.2.0/../../../../arm-none-eabi/lib/thumb\libg.a(lib_a-environ.o)
 .ARM.attributes
                0x0000000000000a0a       0x2a d:/devkitpro/devkitarm/bin/../lib/gcc/arm-none-eabi/10.2.0/../../../../arm-none-eabi/lib/thumb\libg.a(lib_a-envlock.o)
 .ARM.attributes
                0x0000000000000a34       0x2a d:/devkitpro/devkitarm/bin/../lib/gcc/arm-none-eabi/10.2.0/../../../../arm-none-eabi/lib/thumb\libsysbase.a(iosupport.o)
 .ARM.attributes
                0x0000000000000a5e       0x2a d:/devkitpro/devkitarm/bin/../lib/gcc/arm-none-eabi/10.2.0/../../../../arm-none-eabi/lib/thumb\libsysbase.a(fstat.o)
 .ARM.attributes
                0x0000000000000a88       0x2a d:/devkitpro/devkitarm/bin/../lib/gcc/arm-none-eabi/10.2.0/../../../../arm-none-eabi/lib/thumb\libsysbase.a(isatty.o)
 .ARM.attributes
                0x0000000000000ab2       0x2a d:/devkitpro/devkitarm/bin/../lib/gcc/arm-none-eabi/10.2.0/../../../../arm-none-eabi/lib/thumb\libsysbase.a(lseek.o)
 .ARM.attributes
                0x0000000000000adc       0x2a d:/devkitpro/devkitarm/bin/../lib/gcc/arm-none-eabi/10.2.0/../../../../arm-none-eabi/lib/thumb\libsysbase.a(read.o)
 .ARM.attributes
                0x0000000000000b06       0x2a d:/devkitpro/devkitarm/bin/../lib/gcc/arm-none-eabi/10.2.0/../../../../arm-none-eabi/lib/thumb\libsysbase.a(sbrk.o)
 .ARM.attributes
                0x0000000000000b30       0x2a d:/devkitpro/devkitarm/bin/../lib/gcc/arm-none-eabi/10.2.0/../../../../arm-none-eabi/lib/thumb\libsysbase.a(write.o)
 .ARM.attributes
                0x0000000000000b5a       0x30 d:/devkitpro/devkitarm/bin/../lib/gcc/arm-none-eabi/10.2.0/../../../../arm-none-eabi/lib/thumb\libsysbase.a(malloc_vars.o)
 .ARM.attributes
                0x0000000000000b8a       0x2a d:/devkitpro/devkitarm/bin/../lib/gcc/arm-none-eabi/10.2.0/../../../../arm-none-eabi/lib/thumb\libsysbase.a(flock.o)
 .ARM.attributes
                0x0000000000000bb4       0x2a d:/devkitpro/devkitarm/bin/../lib/gcc/arm-none-eabi/10.2.0/../../../../arm-none-eabi/lib/thumb\libsysbase.a(syscall_support.o)
 .ARM.attributes
                0x0000000000000bde       0x2a d:/devkitpro/devkitarm/bin/../lib/gcc/arm-none-eabi/10.2.0/../../../../arm-none-eabi/lib/thumb\libsysbase.a(handle_manager.o)
 .ARM.attributes
                0x0000000000000c08       0x2a d:/devkitpro/devkitarm/bin/../lib/gcc/arm-none-eabi/10.2.0/../../../../arm-none-eabi/lib/thumb\libsysbase.a(getreent.o)
 .ARM.attributes
                0x0000000000000c32       0x1c d:/devkitpro/devkitarm/bin/../lib/gcc/arm-none-eabi/10.2.0/thumb\libgcc.a(_thumb1_case_uqi.o)
 .ARM.attributes
                0x0000000000000c4e       0x1c d:/devkitpro/devkitarm/bin/../lib/gcc/arm-none-eabi/10.2.0/thumb\libgcc.a(_thumb1_case_uhi.o)
 .ARM.attributes
                0x0000000000000c6a       0x1c d:/devkitpro/devkitarm/bin/../lib/gcc/arm-none-eabi/10.2.0/thumb\libgcc.a(_udivsi3.o)
 .ARM.attributes
                0x0000000000000c86       0x1c d:/devkitpro/devkitarm/bin/../lib/gcc/arm-none-eabi/10.2.0/thumb\libgcc.a(_divsi3.o)
 .ARM.attributes
                0x0000000000000ca2       0x1c d:/devkitpro/devkitarm/bin/../lib/gcc/arm-none-eabi/10.2.0/thumb\libgcc.a(_dvmd_tls.o)
 .ARM.attributes
                0x0000000000000cbe       0x1c d:/devkitpro/devkitarm/bin/../lib/gcc/arm-none-eabi/10.2.0/thumb\libgcc.a(_aeabi_uldivmod.o)
 .ARM.attributes
                0x0000000000000cda       0x2a d:/devkitpro/devkitarm/bin/../lib/gcc/arm-none-eabi/10.2.0/thumb\libgcc.a(_muldi3.o)
 .ARM.attributes
                0x0000000000000d04       0x2a d:/devkitpro/devkitarm/bin/../lib/gcc/arm-none-eabi/10.2.0/thumb\libgcc.a(_udivmoddi4.o)
 .ARM.attributes
                0x0000000000000d2e       0x1c d:/devkitpro/devkitarm/bin/../lib/gcc/arm-none-eabi/10.2.0/thumb\libgcc.a(_clzdi2.o)
 .ARM.attributes
                0x0000000000000d4a       0x1c d:/devkitpro/devkitarm/bin/../lib/gcc/arm-none-eabi/10.2.0/thumb\libgcc.a(_clzsi2.o)
 .ARM.attributes
                0x0000000000000d66       0x30 d:/devkitpro/devkitarm/bin/../lib/gcc/arm-none-eabi/10.2.0/thumb/crtend.o
 .ARM.attributes
                0x0000000000000d96       0x1c d:/devkitpro/devkitarm/bin/../lib/gcc/arm-none-eabi/10.2.0/thumb/crtn.o

/DISCARD/
 *(.note.GNU-stack)
LOAD d:/devkitpro/devkitarm/bin/../lib/gcc/arm-none-eabi/10.2.0/../../../../arm-none-eabi/lib/thumb/gba_crt0.o
LOAD d:/devkitpro/devkitarm/bin/../lib/gcc/arm-none-eabi/10.2.0/thumb/crti.o
LOAD d:/devkitpro/devkitarm/bin/../lib/gcc/arm-none-eabi/10.2.0/thumb/crtbegin.o
LOAD soundbank.bin.o
LOAD MaxModExample.o
LOAD D:/devkitPro/libgba/lib\libmm.a
LOAD D:/devkitPro/libgba/lib\libgba.a
START GROUP
LOAD d:/devkitpro/devkitarm/bin/../lib/gcc/arm-none-eabi/10.2.0/thumb\libgcc.a
LOAD d:/devkitpro/devkitarm/bin/../lib/gcc/arm-none-eabi/10.2.0/../../../../arm-none-eabi/lib/thumb\libg.a
LOAD d:/devkitpro/devkitarm/bin/../lib/gcc/arm-none-eabi/10.2.0/../../../../arm-none-eabi/lib/thumb\libc.a
LOAD d:/devkitpro/devkitarm/bin/../lib/gcc/arm-none-eabi/10.2.0/../../../../arm-none-eabi/lib/thumb\libsysbase.a
END GROUP
LOAD d:/devkitpro/devkitarm/bin/../lib/gcc/arm-none-eabi/10.2.0/thumb/crtend.o
LOAD d:/devkitpro/devkitarm/bin/../lib/gcc/arm-none-eabi/10.2.0/thumb/crtn.o
OUTPUT(D:/cb106/Documents/GitHub/GBA-Again/music_test/music_test.elf elf32-littlearm)
LOAD linker stubs

.debug_ranges   0x0000000000000000      0x1a8
 .debug_ranges  0x0000000000000000       0x28 MaxModExample.o
 .debug_ranges  0x0000000000000028       0x70 D:/devkitPro/libgba/lib\libgba.a(interrupt.o)
 .debug_ranges  0x0000000000000098      0x100 D:/devkitPro/libgba/lib\libgba.a(console.o)
 .debug_ranges  0x0000000000000198       0x10 D:/devkitPro/libgba/lib\libgba.a(CpuSet.o)
